<?xml version="1.0"?>
<link_info>
   <banner>TI ARM Linker PC v5.1.5</banner>
   <copyright>Copyright (c) 1996-2014 Texas Instruments Incorporated</copyright>
   <link_time>0x54840e05</link_time>
   <link_errors>0x0</link_errors>
   <output_file>02_thedc.out</output_file>
   <entry_point>
      <name>_c_int00</name>
      <address>0x1c21</address>
   </entry_point>
   <input_file_list>
      <input_file id="fl-2">
         <path>.\utils\</path>
         <kind>object</kind>
         <file>uartstdio.obj</file>
         <name>uartstdio.obj</name>
      </input_file>
      <input_file id="fl-3">
         <path>.\</path>
         <kind>object</kind>
         <file>timer.obj</file>
         <name>timer.obj</name>
      </input_file>
      <input_file id="fl-4">
         <path>.\</path>
         <kind>object</kind>
         <file>startup_ccs.obj</file>
         <name>startup_ccs.obj</name>
      </input_file>
      <input_file id="fl-5">
         <path>.\</path>
         <kind>object</kind>
         <file>senseros.obj</file>
         <name>senseros.obj</name>
      </input_file>
      <input_file id="fl-6">
         <path>.\</path>
         <kind>object</kind>
         <file>move.obj</file>
         <name>move.obj</name>
      </input_file>
      <input_file id="fl-7">
         <path>.\</path>
         <kind>object</kind>
         <file>main.obj</file>
         <name>main.obj</name>
      </input_file>
      <input_file id="fl-8">
         <path>.\</path>
         <kind>object</kind>
         <file>logics.obj</file>
         <name>logics.obj</name>
      </input_file>
      <input_file id="fl-9">
         <path>.\</path>
         <kind>object</kind>
         <file>commu.obj</file>
         <name>commu.obj</name>
      </input_file>
      <input_file id="fl-137">
         <path>c:\ti\ccsv6\tools\compiler\arm_5.1.5\lib\</path>
         <kind>archive</kind>
         <file>rtsv7M4_T_le_v4SPD16_eabi.lib</file>
         <name>atan2.obj</name>
      </input_file>
      <input_file id="fl-138">
         <path>c:\ti\ccsv6\tools\compiler\arm_5.1.5\lib\</path>
         <kind>archive</kind>
         <file>rtsv7M4_T_le_v4SPD16_eabi.lib</file>
         <name>boot.obj</name>
      </input_file>
      <input_file id="fl-139">
         <path>c:\ti\ccsv6\tools\compiler\arm_5.1.5\lib\</path>
         <kind>archive</kind>
         <file>rtsv7M4_T_le_v4SPD16_eabi.lib</file>
         <name>copy_decompress_none.obj</name>
      </input_file>
      <input_file id="fl-13a">
         <path>c:\ti\ccsv6\tools\compiler\arm_5.1.5\lib\</path>
         <kind>archive</kind>
         <file>rtsv7M4_T_le_v4SPD16_eabi.lib</file>
         <name>copy_decompress_rle.obj</name>
      </input_file>
      <input_file id="fl-13b">
         <path>c:\ti\ccsv6\tools\compiler\arm_5.1.5\lib\</path>
         <kind>archive</kind>
         <file>rtsv7M4_T_le_v4SPD16_eabi.lib</file>
         <name>copy_zero_init.obj</name>
      </input_file>
      <input_file id="fl-13c">
         <path>c:\ti\ccsv6\tools\compiler\arm_5.1.5\lib\</path>
         <kind>archive</kind>
         <file>rtsv7M4_T_le_v4SPD16_eabi.lib</file>
         <name>exit.obj</name>
      </input_file>
      <input_file id="fl-13d">
         <path>c:\ti\ccsv6\tools\compiler\arm_5.1.5\lib\</path>
         <kind>archive</kind>
         <file>rtsv7M4_T_le_v4SPD16_eabi.lib</file>
         <name>fd_add_t2.obj</name>
      </input_file>
      <input_file id="fl-13e">
         <path>c:\ti\ccsv6\tools\compiler\arm_5.1.5\lib\</path>
         <kind>archive</kind>
         <file>rtsv7M4_T_le_v4SPD16_eabi.lib</file>
         <name>fd_cmp_t2.obj</name>
      </input_file>
      <input_file id="fl-13f">
         <path>c:\ti\ccsv6\tools\compiler\arm_5.1.5\lib\</path>
         <kind>archive</kind>
         <file>rtsv7M4_T_le_v4SPD16_eabi.lib</file>
         <name>fd_div_t2.obj</name>
      </input_file>
      <input_file id="fl-140">
         <path>c:\ti\ccsv6\tools\compiler\arm_5.1.5\lib\</path>
         <kind>archive</kind>
         <file>rtsv7M4_T_le_v4SPD16_eabi.lib</file>
         <name>fd_mul_t2.obj</name>
      </input_file>
      <input_file id="fl-141">
         <path>c:\ti\ccsv6\tools\compiler\arm_5.1.5\lib\</path>
         <kind>archive</kind>
         <file>rtsv7M4_T_le_v4SPD16_eabi.lib</file>
         <name>fd_toi_t2.obj</name>
      </input_file>
      <input_file id="fl-142">
         <path>c:\ti\ccsv6\tools\compiler\arm_5.1.5\lib\</path>
         <kind>archive</kind>
         <file>rtsv7M4_T_le_v4SPD16_eabi.lib</file>
         <name>fd_tou_t2.obj</name>
      </input_file>
      <input_file id="fl-143">
         <path>c:\ti\ccsv6\tools\compiler\arm_5.1.5\lib\</path>
         <kind>archive</kind>
         <file>rtsv7M4_T_le_v4SPD16_eabi.lib</file>
         <name>i_tofd_t2.obj</name>
      </input_file>
      <input_file id="fl-144">
         <path>c:\ti\ccsv6\tools\compiler\arm_5.1.5\lib\</path>
         <kind>archive</kind>
         <file>rtsv7M4_T_le_v4SPD16_eabi.lib</file>
         <name>memcpy_t2.obj</name>
      </input_file>
      <input_file id="fl-145">
         <path>c:\ti\ccsv6\tools\compiler\arm_5.1.5\lib\</path>
         <kind>archive</kind>
         <file>rtsv7M4_T_le_v4SPD16_eabi.lib</file>
         <name>sqrt.obj</name>
      </input_file>
      <input_file id="fl-146">
         <path>c:\ti\ccsv6\tools\compiler\arm_5.1.5\lib\</path>
         <kind>archive</kind>
         <file>rtsv7M4_T_le_v4SPD16_eabi.lib</file>
         <name>stkdepth_vars.obj</name>
      </input_file>
      <input_file id="fl-147">
         <path>c:\ti\ccsv6\tools\compiler\arm_5.1.5\lib\</path>
         <kind>archive</kind>
         <file>rtsv7M4_T_le_v4SPD16_eabi.lib</file>
         <name>u_divt2.obj</name>
      </input_file>
      <input_file id="fl-148">
         <path>c:\ti\ccsv6\tools\compiler\arm_5.1.5\lib\</path>
         <kind>archive</kind>
         <file>rtsv7M4_T_le_v4SPD16_eabi.lib</file>
         <name>u_tofd_t2.obj</name>
      </input_file>
      <input_file id="fl-149">
         <path>c:\ti\ccsv6\tools\compiler\arm_5.1.5\lib\</path>
         <kind>archive</kind>
         <file>rtsv7M4_T_le_v4SPD16_eabi.lib</file>
         <name>xatan.obj</name>
      </input_file>
      <input_file id="fl-14a">
         <path>c:\ti\ccsv6\tools\compiler\arm_5.1.5\lib\</path>
         <kind>archive</kind>
         <file>rtsv7M4_T_le_v4SPD16_eabi.lib</file>
         <name>xdscale.obj</name>
      </input_file>
      <input_file id="fl-14b">
         <path>c:\ti\ccsv6\tools\compiler\arm_5.1.5\lib\</path>
         <kind>archive</kind>
         <file>rtsv7M4_T_le_v4SPD16_eabi.lib</file>
         <name>xdtest.obj</name>
      </input_file>
      <input_file id="fl-14c">
         <path>c:\ti\ccsv6\tools\compiler\arm_5.1.5\lib\</path>
         <kind>archive</kind>
         <file>rtsv7M4_T_le_v4SPD16_eabi.lib</file>
         <name>xdunscal.obj</name>
      </input_file>
      <input_file id="fl-14d">
         <path>c:\ti\ccsv6\tools\compiler\arm_5.1.5\lib\</path>
         <kind>archive</kind>
         <file>rtsv7M4_T_le_v4SPD16_eabi.lib</file>
         <name>xferaise.obj</name>
      </input_file>
      <input_file id="fl-14e">
         <path>c:\ti\ccsv6\tools\compiler\arm_5.1.5\lib\</path>
         <kind>archive</kind>
         <file>rtsv7M4_T_le_v4SPD16_eabi.lib</file>
         <name>xvalues.obj</name>
      </input_file>
      <input_file id="fl-14f">
         <path>c:\ti\ccsv6\tools\compiler\arm_5.1.5\lib\</path>
         <kind>archive</kind>
         <file>rtsv7M4_T_le_v4SPD16_eabi.lib</file>
         <name>_lock.obj</name>
      </input_file>
      <input_file id="fl-150">
         <path>c:\ti\ccsv6\tools\compiler\arm_5.1.5\lib\</path>
         <kind>archive</kind>
         <file>rtsv7M4_T_le_v4SPD16_eabi.lib</file>
         <name>args_main.obj</name>
      </input_file>
      <input_file id="fl-151">
         <path>c:\ti\ccsv6\tools\compiler\arm_5.1.5\lib\</path>
         <kind>archive</kind>
         <file>rtsv7M4_T_le_v4SPD16_eabi.lib</file>
         <name>auto_init.obj</name>
      </input_file>
      <input_file id="fl-152">
         <path>c:\ti\ccsv6\tools\compiler\arm_5.1.5\lib\</path>
         <kind>archive</kind>
         <file>rtsv7M4_T_le_v4SPD16_eabi.lib</file>
         <name>cpy_tbl.obj</name>
      </input_file>
      <input_file id="fl-153">
         <path>c:\ti\ccsv6\tools\compiler\arm_5.1.5\lib\</path>
         <kind>archive</kind>
         <file>rtsv7M4_T_le_v4SPD16_eabi.lib</file>
         <name>errno.obj</name>
      </input_file>
      <input_file id="fl-154">
         <path>c:\ti\ccsv6\tools\compiler\arm_5.1.5\lib\</path>
         <kind>archive</kind>
         <file>rtsv7M4_T_le_v4SPD16_eabi.lib</file>
         <name>feraiseexcept.obj</name>
      </input_file>
      <input_file id="fl-155">
         <path>c:\ti\ccsv6\tools\compiler\arm_5.1.5\lib\</path>
         <kind>archive</kind>
         <file>rtsv7M4_T_le_v4SPD16_eabi.lib</file>
         <name>raise.obj</name>
      </input_file>
      <input_file id="fl-156">
         <path>c:\ti\ccsv6\tools\compiler\arm_5.1.5\lib\</path>
         <kind>archive</kind>
         <file>rtsv7M4_T_le_v4SPD16_eabi.lib</file>
         <name>signal.obj</name>
      </input_file>
      <input_file id="fl-157">
         <path>c:\ti\ccsv6\tools\compiler\arm_5.1.5\lib\</path>
         <kind>archive</kind>
         <file>rtsv7M4_T_le_v4SPD16_eabi.lib</file>
         <name>xdnorm.obj</name>
      </input_file>
      <input_file id="fl-158">
         <path>C:\ti\TivaWare_C_Series-2.0.1.11577\examples\boards\ek-tm4c123gxl\timers\ccs\..\..\..\..\..\driverlib\ccs\Debug\</path>
         <kind>archive</kind>
         <file>driverlib.lib</file>
         <name>uart.obj</name>
      </input_file>
      <input_file id="fl-159">
         <path>C:\ti\TivaWare_C_Series-2.0.1.11577\examples\boards\ek-tm4c123gxl\timers\ccs\..\..\..\..\..\driverlib\ccs\Debug\</path>
         <kind>archive</kind>
         <file>driverlib.lib</file>
         <name>timer.obj</name>
      </input_file>
      <input_file id="fl-15a">
         <path>C:\ti\TivaWare_C_Series-2.0.1.11577\examples\boards\ek-tm4c123gxl\timers\ccs\..\..\..\..\..\driverlib\ccs\Debug\</path>
         <kind>archive</kind>
         <file>driverlib.lib</file>
         <name>sysctl.obj</name>
      </input_file>
      <input_file id="fl-15b">
         <path>C:\ti\TivaWare_C_Series-2.0.1.11577\examples\boards\ek-tm4c123gxl\timers\ccs\..\..\..\..\..\driverlib\ccs\Debug\</path>
         <kind>archive</kind>
         <file>driverlib.lib</file>
         <name>interrupt.obj</name>
      </input_file>
      <input_file id="fl-15c">
         <path>C:\ti\TivaWare_C_Series-2.0.1.11577\examples\boards\ek-tm4c123gxl\timers\ccs\..\..\..\..\..\driverlib\ccs\Debug\</path>
         <kind>archive</kind>
         <file>driverlib.lib</file>
         <name>gpio.obj</name>
      </input_file>
      <input_file id="fl-15d">
         <path>C:\ti\TivaWare_C_Series-2.0.1.11577\examples\boards\ek-tm4c123gxl\timers\ccs\..\..\..\..\..\driverlib\ccs\Debug\</path>
         <kind>archive</kind>
         <file>driverlib.lib</file>
         <name>cpu.obj</name>
      </input_file>
   </input_file_list>
   <object_component_list>
      <object_component id="oc-e">
         <name>.intvecs</name>
         <load_address>0x0</load_address>
         <run_address>0x0</run_address>
         <size>0x26c</size>
         <input_file_ref idref="fl-4"/>
      </object_component>
      <object_component id="oc-1a5">
         <name>.text:head_exact</name>
         <load_address>0x26c</load_address>
         <run_address>0x26c</run_address>
         <size>0x224</size>
         <input_file_ref idref="fl-6"/>
      </object_component>
      <object_component id="oc-167">
         <name>.text</name>
         <load_address>0x490</load_address>
         <run_address>0x490</run_address>
         <size>0x1b6</size>
         <input_file_ref idref="fl-13d"/>
      </object_component>
      <object_component id="oc-2e">
         <name>.text:FaultISR</name>
         <load_address>0x646</load_address>
         <run_address>0x646</run_address>
         <size>0x2</size>
         <input_file_ref idref="fl-4"/>
      </object_component>
      <object_component id="oc-21b">
         <name>.text</name>
         <load_address>0x648</load_address>
         <run_address>0x648</run_address>
         <size>0x18c</size>
         <input_file_ref idref="fl-149"/>
      </object_component>
      <object_component id="oc-13e">
         <name>.text:Init</name>
         <load_address>0x7d4</load_address>
         <run_address>0x7d4</run_address>
         <size>0x164</size>
         <input_file_ref idref="fl-7"/>
      </object_component>
      <object_component id="oc-1aa">
         <name>.text</name>
         <load_address>0x938</load_address>
         <run_address>0x938</run_address>
         <size>0x148</size>
         <input_file_ref idref="fl-145"/>
      </object_component>
      <object_component id="oc-42">
         <name>.text:UARTIntHandler</name>
         <load_address>0xa80</load_address>
         <run_address>0xa80</run_address>
         <size>0x144</size>
         <input_file_ref idref="fl-9"/>
      </object_component>
      <object_component id="oc-173">
         <name>.text</name>
         <load_address>0xbc4</load_address>
         <run_address>0xbc4</run_address>
         <size>0x136</size>
         <input_file_ref idref="fl-13f"/>
      </object_component>
      <object_component id="oc-18b">
         <name>.text:GPIOPadConfigSet</name>
         <load_address>0xcfa</load_address>
         <run_address>0xcfa</run_address>
         <size>0x130</size>
         <input_file_ref idref="fl-15c"/>
      </object_component>
      <object_component id="oc-33">
         <name>.text:IntDefaultHandler</name>
         <load_address>0xe2a</load_address>
         <run_address>0xe2a</run_address>
         <size>0x2</size>
         <input_file_ref idref="fl-4"/>
      </object_component>
      <object_component id="oc-1dc">
         <name>.text</name>
         <load_address>0xe2c</load_address>
         <run_address>0xe2c</run_address>
         <size>0x118</size>
         <input_file_ref idref="fl-137"/>
      </object_component>
      <object_component id="oc-106">
         <name>.text:right_move</name>
         <load_address>0xf44</load_address>
         <run_address>0xf44</run_address>
         <size>0x110</size>
         <input_file_ref idref="fl-6"/>
      </object_component>
      <object_component id="oc-1fd">
         <name>.text</name>
         <load_address>0x1054</load_address>
         <run_address>0x1054</run_address>
         <size>0x110</size>
         <input_file_ref idref="fl-14a"/>
      </object_component>
      <object_component id="oc-19a">
         <name>.text:UARTConfig</name>
         <load_address>0x1164</load_address>
         <run_address>0x1164</run_address>
         <size>0x108</size>
         <input_file_ref idref="fl-9"/>
      </object_component>
      <object_component id="oc-16f">
         <name>.text</name>
         <load_address>0x126c</load_address>
         <run_address>0x126c</run_address>
         <size>0xfc</size>
         <input_file_ref idref="fl-140"/>
      </object_component>
      <object_component id="oc-c2">
         <name>.text:SysCtlClockGet</name>
         <load_address>0x1368</load_address>
         <run_address>0x1368</run_address>
         <size>0xc8</size>
         <input_file_ref idref="fl-15a"/>
      </object_component>
      <object_component id="oc-226">
         <name>.text</name>
         <load_address>0x1430</load_address>
         <run_address>0x1430</run_address>
         <size>0xc4</size>
         <input_file_ref idref="fl-157"/>
      </object_component>
      <object_component id="oc-60">
         <name>.text</name>
         <load_address>0x14f4</load_address>
         <run_address>0x14f4</run_address>
         <size>0x9c</size>
         <input_file_ref idref="fl-144"/>
      </object_component>
      <object_component id="oc-47">
         <name>.text:Timer0IntHandler</name>
         <load_address>0x1590</load_address>
         <run_address>0x1590</run_address>
         <size>0x94</size>
         <input_file_ref idref="fl-3"/>
      </object_component>
      <object_component id="oc-4f">
         <name>.text</name>
         <load_address>0x1624</load_address>
         <run_address>0x1624</run_address>
         <size>0x94</size>
         <input_file_ref idref="fl-151"/>
      </object_component>
      <object_component id="oc-143">
         <name>.text:move_to</name>
         <load_address>0x16b8</load_address>
         <run_address>0x16b8</run_address>
         <size>0x88</size>
         <input_file_ref idref="fl-6"/>
      </object_component>
      <object_component id="oc-1e5">
         <name>.text:__aeabi_cdcmple</name>
         <load_address>0x1740</load_address>
         <run_address>0x1740</run_address>
         <size>0x86</size>
         <input_file_ref idref="fl-13e"/>
      </object_component>
      <object_component id="oc-1e1">
         <name>.text:__aeabi_cdrcmple</name>
         <load_address>0x17c6</load_address>
         <run_address>0x17c6</run_address>
         <size>0x86</size>
         <input_file_ref idref="fl-13e"/>
      </object_component>
      <object_component id="oc-38">
         <name>.text:GPIOA6INT</name>
         <load_address>0x184c</load_address>
         <run_address>0x184c</run_address>
         <size>0x7c</size>
         <input_file_ref idref="fl-5"/>
      </object_component>
      <object_component id="oc-10b">
         <name>.text:left_move</name>
         <load_address>0x18c8</load_address>
         <run_address>0x18c8</run_address>
         <size>0x7c</size>
         <input_file_ref idref="fl-6"/>
      </object_component>
      <object_component id="oc-1f8">
         <name>.text</name>
         <load_address>0x1944</load_address>
         <run_address>0x1944</run_address>
         <size>0x64</size>
         <input_file_ref idref="fl-14c"/>
      </object_component>
      <object_component id="oc-82">
         <name>.text:IntDisable</name>
         <load_address>0x19a8</load_address>
         <run_address>0x19a8</run_address>
         <size>0x60</size>
         <input_file_ref idref="fl-15b"/>
      </object_component>
      <object_component id="oc-91">
         <name>.text:IntEnable</name>
         <load_address>0x1a08</load_address>
         <run_address>0x1a08</run_address>
         <size>0x60</size>
         <input_file_ref idref="fl-15b"/>
      </object_component>
      <object_component id="oc-1c9">
         <name>.text:UARTStdioConfig</name>
         <load_address>0x1a68</load_address>
         <run_address>0x1a68</run_address>
         <size>0x60</size>
         <input_file_ref idref="fl-2"/>
      </object_component>
      <object_component id="oc-72">
         <name>.text</name>
         <load_address>0x1ac8</load_address>
         <run_address>0x1ac8</run_address>
         <size>0x5e</size>
         <input_file_ref idref="fl-13a"/>
      </object_component>
      <object_component id="oc-29">
         <name>.text:NmiSR</name>
         <load_address>0x1b26</load_address>
         <run_address>0x1b26</run_address>
         <size>0x2</size>
         <input_file_ref idref="fl-4"/>
      </object_component>
      <object_component id="oc-3d">
         <name>.text:UART0IntHandler</name>
         <load_address>0x1b28</load_address>
         <run_address>0x1b28</run_address>
         <size>0x58</size>
         <input_file_ref idref="fl-9"/>
      </object_component>
      <object_component id="oc-190">
         <name>.text:GPIOIntTypeSet</name>
         <load_address>0x1b80</load_address>
         <run_address>0x1b80</run_address>
         <size>0x56</size>
         <input_file_ref idref="fl-15c"/>
      </object_component>
      <object_component id="oc-da">
         <name>.text:main</name>
         <load_address>0x1bd8</load_address>
         <run_address>0x1bd8</run_address>
         <size>0x48</size>
         <input_file_ref idref="fl-7"/>
      </object_component>
      <object_component id="oc-10">
         <name>.text</name>
         <load_address>0x1c20</load_address>
         <run_address>0x1c20</run_address>
         <size>0x48</size>
         <input_file_ref idref="fl-138"/>
      </object_component>
      <object_component id="oc-1af">
         <name>.text</name>
         <load_address>0x1c68</load_address>
         <run_address>0x1c68</run_address>
         <size>0x48</size>
         <input_file_ref idref="fl-141"/>
      </object_component>
      <object_component id="oc-d4">
         <name>.text</name>
         <load_address>0x1cb0</load_address>
         <run_address>0x1cb0</run_address>
         <size>0x44</size>
         <input_file_ref idref="fl-152"/>
      </object_component>
      <object_component id="oc-58">
         <name>.text</name>
         <load_address>0x1cf4</load_address>
         <run_address>0x1cf4</run_address>
         <size>0x44</size>
         <input_file_ref idref="fl-13c"/>
      </object_component>
      <object_component id="oc-177">
         <name>.text</name>
         <load_address>0x1d38</load_address>
         <run_address>0x1d38</run_address>
         <size>0x44</size>
         <input_file_ref idref="fl-142"/>
      </object_component>
      <object_component id="oc-216">
         <name>.text</name>
         <load_address>0x1d7c</load_address>
         <run_address>0x1d7c</run_address>
         <size>0x44</size>
         <input_file_ref idref="fl-14b"/>
      </object_component>
      <object_component id="oc-265">
         <name>.text</name>
         <load_address>0x1dc0</load_address>
         <run_address>0x1dc0</run_address>
         <size>0x40</size>
         <input_file_ref idref="fl-156"/>
      </object_component>
      <object_component id="oc-19f">
         <name>.text:IntRegister</name>
         <load_address>0x1e00</load_address>
         <run_address>0x1e00</run_address>
         <size>0x34</size>
         <input_file_ref idref="fl-15b"/>
      </object_component>
      <object_component id="oc-22f">
         <name>.text</name>
         <load_address>0x1e34</load_address>
         <run_address>0x1e34</run_address>
         <size>0x34</size>
         <input_file_ref idref="fl-154"/>
      </object_component>
      <object_component id="oc-202">
         <name>.text</name>
         <load_address>0x1e68</load_address>
         <run_address>0x1e68</run_address>
         <size>0x30</size>
         <input_file_ref idref="fl-14d"/>
      </object_component>
      <object_component id="oc-163">
         <name>.text</name>
         <load_address>0x1e98</load_address>
         <run_address>0x1e98</run_address>
         <size>0x2e</size>
         <input_file_ref idref="fl-143"/>
      </object_component>
      <object_component id="oc-254">
         <name>.text</name>
         <load_address>0x1ec6</load_address>
         <run_address>0x1ec6</run_address>
         <size>0x2e</size>
         <input_file_ref idref="fl-155"/>
      </object_component>
      <object_component id="oc-1d3">
         <name>.text:UARTSend</name>
         <load_address>0x1ef4</load_address>
         <run_address>0x1ef4</run_address>
         <size>0x28</size>
         <input_file_ref idref="fl-9"/>
      </object_component>
      <object_component id="oc-16b">
         <name>.text</name>
         <load_address>0x1f1c</load_address>
         <run_address>0x1f1c</run_address>
         <size>0x20</size>
         <input_file_ref idref="fl-148"/>
      </object_component>
      <object_component id="oc-53">
         <name>.text</name>
         <load_address>0x1f3c</load_address>
         <run_address>0x1f3c</run_address>
         <size>0x18</size>
         <input_file_ref idref="fl-150"/>
      </object_component>
      <object_component id="oc-151">
         <name>.text</name>
         <load_address>0x1f54</load_address>
         <run_address>0x1f54</run_address>
         <size>0x14</size>
         <input_file_ref idref="fl-14f"/>
      </object_component>
      <object_component id="oc-19">
         <name>.text:decompress:ZI</name>
         <load_address>0x1f68</load_address>
         <run_address>0x1f68</run_address>
         <size>0x12</size>
         <input_file_ref idref="fl-13b"/>
      </object_component>
      <object_component id="oc-1e9">
         <name>.text:turn_left</name>
         <load_address>0x1f7a</load_address>
         <run_address>0x1f7a</run_address>
         <size>0x12</size>
         <input_file_ref idref="fl-6"/>
      </object_component>
      <object_component id="oc-1ee">
         <name>.text:turn_right</name>
         <load_address>0x1f8c</load_address>
         <run_address>0x1f8c</run_address>
         <size>0x12</size>
         <input_file_ref idref="fl-6"/>
      </object_component>
      <object_component id="oc-8c">
         <name>.text:move_stright</name>
         <load_address>0x1f9e</load_address>
         <run_address>0x1f9e</run_address>
         <size>0x10</size>
         <input_file_ref idref="fl-6"/>
      </object_component>
      <object_component id="oc-14">
         <name>.text:decompress:none</name>
         <load_address>0x1fae</load_address>
         <run_address>0x1fae</run_address>
         <size>0xe</size>
         <input_file_ref idref="fl-139"/>
      </object_component>
      <object_component id="oc-116">
         <name>.text:CPUcpsid</name>
         <load_address>0x1fbc</load_address>
         <run_address>0x1fbc</run_address>
         <size>0xc</size>
         <input_file_ref idref="fl-15d"/>
      </object_component>
      <object_component id="oc-121">
         <name>.text:CPUcpsie</name>
         <load_address>0x1fc8</load_address>
         <run_address>0x1fc8</run_address>
         <size>0xc</size>
         <input_file_ref idref="fl-15d"/>
      </object_component>
      <object_component id="oc-195">
         <name>.text:GPIOIntEnable</name>
         <load_address>0x1fd4</load_address>
         <run_address>0x1fd4</run_address>
         <size>0xc</size>
         <input_file_ref idref="fl-15c"/>
      </object_component>
      <object_component id="oc-a4">
         <name>.text:IntMasterDisable</name>
         <load_address>0x1fe0</load_address>
         <run_address>0x1fe0</run_address>
         <size>0xa</size>
         <input_file_ref idref="fl-15b"/>
      </object_component>
      <object_component id="oc-a9">
         <name>.text:IntMasterEnable</name>
         <load_address>0x1fea</load_address>
         <run_address>0x1fea</run_address>
         <size>0xa</size>
         <input_file_ref idref="fl-15b"/>
      </object_component>
      <object_component id="oc-9f">
         <name>.text:UARTCharGet</name>
         <load_address>0x1ff4</load_address>
         <run_address>0x1ff4</run_address>
         <size>0xa</size>
         <input_file_ref idref="fl-158"/>
      </object_component>
      <object_component id="oc-1ce">
         <name>.text:UARTIntEnable</name>
         <load_address>0x1ffe</load_address>
         <run_address>0x1ffe</run_address>
         <size>0x8</size>
         <input_file_ref idref="fl-158"/>
      </object_component>
      <object_component id="oc-87">
         <name>.text:GPIOPinRead</name>
         <load_address>0x2006</load_address>
         <run_address>0x2006</run_address>
         <size>0x6</size>
         <input_file_ref idref="fl-15c"/>
      </object_component>
      <object_component id="oc-bd">
         <name>.text:GPIOPinWrite</name>
         <load_address>0x200c</load_address>
         <run_address>0x200c</run_address>
         <size>0x6</size>
         <input_file_ref idref="fl-15c"/>
      </object_component>
      <object_component id="oc-24">
         <name>.text:ResetISR</name>
         <load_address>0x2012</load_address>
         <run_address>0x2012</run_address>
         <size>0x6</size>
         <input_file_ref idref="fl-4"/>
      </object_component>
      <object_component id="oc-c7">
         <name>.text:SysCtlDelay</name>
         <load_address>0x2018</load_address>
         <run_address>0x2018</run_address>
         <size>0x6</size>
         <input_file_ref idref="fl-15a"/>
      </object_component>
      <object_component id="oc-1e">
         <name>.text:decompress:rle24</name>
         <load_address>0x201e</load_address>
         <run_address>0x201e</run_address>
         <size>0x6</size>
         <input_file_ref idref="fl-13a"/>
      </object_component>
      <object_component id="oc-249">
         <name>.const</name>
         <load_address>0x2028</load_address>
         <run_address>0x2028</run_address>
         <size>0x88</size>
         <input_file_ref idref="fl-149"/>
      </object_component>
      <object_component id="oc-fb">
         <name>.const</name>
         <load_address>0x20b0</load_address>
         <run_address>0x20b0</run_address>
         <size>0x70</size>
         <input_file_ref idref="fl-15b"/>
      </object_component>
      <object_component id="oc-135">
         <name>.const:g_pui32Xtals</name>
         <load_address>0x2120</load_address>
         <run_address>0x2120</run_address>
         <size>0x6c</size>
         <input_file_ref idref="fl-15a"/>
      </object_component>
      <object_component id="oc-20b">
         <name>.const</name>
         <load_address>0x218c</load_address>
         <run_address>0x218c</run_address>
         <size>0x1c</size>
         <input_file_ref idref="fl-2"/>
      </object_component>
      <object_component id="oc-23e">
         <name>.const:.string</name>
         <load_address>0x21a8</load_address>
         <run_address>0x21a8</run_address>
         <size>0x12</size>
         <input_file_ref idref="fl-2"/>
      </object_component>
      <object_component id="oc-2a4">
         <name>.cinit..data.load</name>
         <load_address>0x21c0</load_address>
         <run_address>0x21c0</run_address>
         <size>0x4a</size>
      </object_component>
      <object_component id="oc-2a1">
         <name>__TI_handler_table</name>
         <load_address>0x220c</load_address>
         <run_address>0x220c</run_address>
         <size>0xc</size>
      </object_component>
      <object_component id="oc-2a5">
         <name>.cinit..bss.load</name>
         <load_address>0x2218</load_address>
         <run_address>0x2218</run_address>
         <size>0x8</size>
      </object_component>
      <object_component id="oc-2a3">
         <name>.cinit..vtable.load</name>
         <load_address>0x2220</load_address>
         <run_address>0x2220</run_address>
         <size>0x8</size>
      </object_component>
      <object_component id="oc-2a2">
         <name>__TI_cinit_table</name>
         <load_address>0x2228</load_address>
         <run_address>0x2228</run_address>
         <size>0x18</size>
      </object_component>
      <object_component id="oc-1d9">
         <name>.vtable</name>
         <uninitialized>true</uninitialized>
         <run_address>0x20000000</run_address>
         <size>0x26c</size>
         <input_file_ref idref="fl-15b"/>
      </object_component>
      <object_component id="oc-5d">
         <name>.data</name>
         <load_address>0x200003d4</load_address>
         <run_address>0x200003d4</run_address>
         <size>0x4</size>
         <input_file_ref idref="fl-146"/>
      </object_component>
      <object_component id="oc-96">
         <name>.data</name>
         <load_address>0x200003a0</load_address>
         <run_address>0x200003a0</run_address>
         <size>0x9</size>
         <input_file_ref idref="fl-5"/>
      </object_component>
      <object_component id="oc-b5">
         <name>.data</name>
         <load_address>0x200003cc</load_address>
         <run_address>0x200003cc</run_address>
         <size>0x4</size>
         <input_file_ref idref="fl-9"/>
      </object_component>
      <object_component id="oc-ca">
         <name>.data</name>
         <load_address>0x200003a9</load_address>
         <run_address>0x200003a9</run_address>
         <size>0x1</size>
         <input_file_ref idref="fl-3"/>
      </object_component>
      <object_component id="oc-e1">
         <name>.data</name>
         <load_address>0x200003ac</load_address>
         <run_address>0x200003ac</run_address>
         <size>0x8</size>
         <input_file_ref idref="fl-14f"/>
      </object_component>
      <object_component id="oc-e3">
         <name>.data</name>
         <load_address>0x200003b4</load_address>
         <run_address>0x200003b4</run_address>
         <size>0x8</size>
         <input_file_ref idref="fl-13c"/>
      </object_component>
      <object_component id="oc-207">
         <name>.data</name>
         <load_address>0x20000320</load_address>
         <run_address>0x20000320</run_address>
         <size>0x80</size>
         <input_file_ref idref="fl-14e"/>
      </object_component>
      <object_component id="oc-20d">
         <name>.data</name>
         <load_address>0x200003c4</load_address>
         <run_address>0x200003c4</run_address>
         <size>0x5</size>
         <input_file_ref idref="fl-2"/>
      </object_component>
      <object_component id="oc-234">
         <name>.data</name>
         <load_address>0x200003d0</load_address>
         <run_address>0x200003d0</run_address>
         <size>0x4</size>
         <input_file_ref idref="fl-153"/>
      </object_component>
      <object_component id="oc-259">
         <name>.data</name>
         <load_address>0x200003bc</load_address>
         <run_address>0x200003bc</run_address>
         <size>0x8</size>
         <input_file_ref idref="fl-154"/>
      </object_component>
      <object_component id="oc-276">
         <name>.data:sigtable</name>
         <load_address>0x20000270</load_address>
         <run_address>0x20000270</run_address>
         <size>0xb0</size>
         <input_file_ref idref="fl-156"/>
      </object_component>
      <object_component id="oc-ae">
         <name>.bss:queue</name>
         <uninitialized>true</uninitialized>
         <run_address>0x200004d8</run_address>
         <size>0x38</size>
         <input_file_ref idref="fl-9"/>
      </object_component>
      <object_component id="oc-c8">
         <name>.common:g_ui32Flags</name>
         <uninitialized>true</uninitialized>
         <run_address>0x20000544</run_address>
         <size>0x4</size>
      </object_component>
      <object_component id="oc-1f5">
         <name>.common:head_local</name>
         <uninitialized>true</uninitialized>
         <run_address>0x20000534</run_address>
         <size>0x8</size>
      </object_component>
      <object_component id="oc-1f4">
         <name>.common:tail_local</name>
         <uninitialized>true</uninitialized>
         <run_address>0x2000053c</run_address>
         <size>0x8</size>
      </object_component>
      <object_component id="oc-1f6">
         <name>.common:center_local</name>
         <uninitialized>true</uninitialized>
         <run_address>0x2000052c</run_address>
         <size>0x8</size>
      </object_component>
      <object_component id="oc-1f3">
         <name>.common:Position</name>
         <uninitialized>true</uninitialized>
         <run_address>0x20000510</run_address>
         <size>0x1c</size>
      </object_component>
      <object_component id="oc-23">
         <name>.stack</name>
         <uninitialized>true</uninitialized>
         <run_address>0x200003d8</run_address>
         <size>0x0</size>
         <input_file_ref idref="fl-138"/>
      </object_component>
      <object_component id="oc-2a6">
         <name>.stack</name>
         <uninitialized>true</uninitialized>
         <run_address>0x200003d8</run_address>
         <size>0x0</size>
      </object_component>
      <object_component id="oc-f">
         <name>.debug_info</name>
         <load_address>0x0</load_address>
         <run_address>0x0</run_address>
         <size>0xd4</size>
         <input_file_ref idref="fl-4"/>
      </object_component>
      <object_component id="oc-11">
         <name>.debug_info</name>
         <load_address>0xd4</load_address>
         <run_address>0xd4</run_address>
         <size>0xf3</size>
         <input_file_ref idref="fl-138"/>
      </object_component>
      <object_component id="oc-17">
         <name>.debug_info</name>
         <load_address>0x1c7</load_address>
         <run_address>0x1c7</run_address>
         <size>0x194</size>
         <input_file_ref idref="fl-139"/>
      </object_component>
      <object_component id="oc-1c">
         <name>.debug_info</name>
         <load_address>0x35b</load_address>
         <run_address>0x35b</run_address>
         <size>0x16a</size>
         <input_file_ref idref="fl-13b"/>
      </object_component>
      <object_component id="oc-22">
         <name>.debug_info</name>
         <load_address>0x4c5</load_address>
         <run_address>0x4c5</run_address>
         <size>0x18e</size>
         <input_file_ref idref="fl-13a"/>
      </object_component>
      <object_component id="oc-26">
         <name>.debug_info</name>
         <load_address>0x653</load_address>
         <run_address>0x653</run_address>
         <size>0x104</size>
         <input_file_ref idref="fl-4"/>
      </object_component>
      <object_component id="oc-2a">
         <name>.debug_info</name>
         <load_address>0x757</load_address>
         <run_address>0x757</run_address>
         <size>0xf5</size>
         <input_file_ref idref="fl-4"/>
      </object_component>
      <object_component id="oc-2f">
         <name>.debug_info</name>
         <load_address>0x84c</load_address>
         <run_address>0x84c</run_address>
         <size>0xfb</size>
         <input_file_ref idref="fl-4"/>
      </object_component>
      <object_component id="oc-35">
         <name>.debug_info</name>
         <load_address>0x947</load_address>
         <run_address>0x947</run_address>
         <size>0x10d</size>
         <input_file_ref idref="fl-4"/>
      </object_component>
      <object_component id="oc-3a">
         <name>.debug_info</name>
         <load_address>0xa54</load_address>
         <run_address>0xa54</run_address>
         <size>0x167</size>
         <input_file_ref idref="fl-5"/>
      </object_component>
      <object_component id="oc-3f">
         <name>.debug_info</name>
         <load_address>0xbbb</load_address>
         <run_address>0xbbb</run_address>
         <size>0x14e</size>
         <input_file_ref idref="fl-9"/>
      </object_component>
      <object_component id="oc-43">
         <name>.debug_info</name>
         <load_address>0xd09</load_address>
         <run_address>0xd09</run_address>
         <size>0x191</size>
         <input_file_ref idref="fl-9"/>
      </object_component>
      <object_component id="oc-4a">
         <name>.debug_info</name>
         <load_address>0xe9a</load_address>
         <run_address>0xe9a</run_address>
         <size>0x18f</size>
         <input_file_ref idref="fl-3"/>
      </object_component>
      <object_component id="oc-4e">
         <name>.debug_info</name>
         <load_address>0x1029</load_address>
         <run_address>0x1029</run_address>
         <size>0x17b</size>
         <input_file_ref idref="fl-4"/>
      </object_component>
      <object_component id="oc-50">
         <name>.debug_info</name>
         <load_address>0x11a4</load_address>
         <run_address>0x11a4</run_address>
         <size>0x13d</size>
         <input_file_ref idref="fl-151"/>
      </object_component>
      <object_component id="oc-54">
         <name>.debug_info</name>
         <load_address>0x12e1</load_address>
         <run_address>0x12e1</run_address>
         <size>0x11c</size>
         <input_file_ref idref="fl-150"/>
      </object_component>
      <object_component id="oc-5c">
         <name>.debug_info</name>
         <load_address>0x13fd</load_address>
         <run_address>0x13fd</run_address>
         <size>0x1c2</size>
         <input_file_ref idref="fl-13c"/>
      </object_component>
      <object_component id="oc-5e">
         <name>.debug_info</name>
         <load_address>0x15bf</load_address>
         <run_address>0x15bf</run_address>
         <size>0xbe</size>
         <input_file_ref idref="fl-146"/>
      </object_component>
      <object_component id="oc-63">
         <name>.debug_info</name>
         <load_address>0x167d</load_address>
         <run_address>0x167d</run_address>
         <size>0xcc</size>
         <input_file_ref idref="fl-144"/>
      </object_component>
      <object_component id="oc-65">
         <name>.debug_info</name>
         <load_address>0x1749</load_address>
         <run_address>0x1749</run_address>
         <size>0x46</size>
         <input_file_ref idref="fl-139"/>
      </object_component>
      <object_component id="oc-6a">
         <name>.debug_info</name>
         <load_address>0x178f</load_address>
         <run_address>0x178f</run_address>
         <size>0xf2</size>
         <input_file_ref idref="fl-139"/>
      </object_component>
      <object_component id="oc-6c">
         <name>.debug_info</name>
         <load_address>0x1881</load_address>
         <run_address>0x1881</run_address>
         <size>0x46</size>
         <input_file_ref idref="fl-13b"/>
      </object_component>
      <object_component id="oc-71">
         <name>.debug_info</name>
         <load_address>0x18c7</load_address>
         <run_address>0x18c7</run_address>
         <size>0xad</size>
         <input_file_ref idref="fl-13b"/>
      </object_component>
      <object_component id="oc-75">
         <name>.debug_info</name>
         <load_address>0x1974</load_address>
         <run_address>0x1974</run_address>
         <size>0x1ef</size>
         <input_file_ref idref="fl-13a"/>
      </object_component>
      <object_component id="oc-78">
         <name>.debug_info</name>
         <load_address>0x1b63</load_address>
         <run_address>0x1b63</run_address>
         <size>0xb7</size>
         <input_file_ref idref="fl-13a"/>
      </object_component>
      <object_component id="oc-79">
         <name>.debug_info</name>
         <load_address>0x1c1a</load_address>
         <run_address>0x1c1a</run_address>
         <size>0x39</size>
         <input_file_ref idref="fl-13a"/>
      </object_component>
      <object_component id="oc-83">
         <name>.debug_info</name>
         <load_address>0x1c53</load_address>
         <run_address>0x1c53</run_address>
         <size>0x1ce</size>
         <input_file_ref idref="fl-15b"/>
      </object_component>
      <object_component id="oc-88">
         <name>.debug_info</name>
         <load_address>0x1e21</load_address>
         <run_address>0x1e21</run_address>
         <size>0x1df</size>
         <input_file_ref idref="fl-15c"/>
      </object_component>
      <object_component id="oc-8e">
         <name>.debug_info</name>
         <load_address>0x2000</load_address>
         <run_address>0x2000</run_address>
         <size>0x12e</size>
         <input_file_ref idref="fl-6"/>
      </object_component>
      <object_component id="oc-92">
         <name>.debug_info</name>
         <load_address>0x212e</load_address>
         <run_address>0x212e</run_address>
         <size>0x1cc</size>
         <input_file_ref idref="fl-15b"/>
      </object_component>
      <object_component id="oc-97">
         <name>.debug_info</name>
         <load_address>0x22fa</load_address>
         <run_address>0x22fa</run_address>
         <size>0xeb</size>
         <input_file_ref idref="fl-5"/>
      </object_component>
      <object_component id="oc-9a">
         <name>.debug_info</name>
         <load_address>0x23e5</load_address>
         <run_address>0x23e5</run_address>
         <size>0x18b</size>
         <input_file_ref idref="fl-2"/>
      </object_component>
      <object_component id="oc-a0">
         <name>.debug_info</name>
         <load_address>0x2570</load_address>
         <run_address>0x2570</run_address>
         <size>0x237</size>
         <input_file_ref idref="fl-158"/>
      </object_component>
      <object_component id="oc-a5">
         <name>.debug_info</name>
         <load_address>0x27a7</load_address>
         <run_address>0x27a7</run_address>
         <size>0x1a4</size>
         <input_file_ref idref="fl-15b"/>
      </object_component>
      <object_component id="oc-aa">
         <name>.debug_info</name>
         <load_address>0x294b</load_address>
         <run_address>0x294b</run_address>
         <size>0x1a2</size>
         <input_file_ref idref="fl-15b"/>
      </object_component>
      <object_component id="oc-af">
         <name>.debug_info</name>
         <load_address>0x2aed</load_address>
         <run_address>0x2aed</run_address>
         <size>0xc0</size>
         <input_file_ref idref="fl-9"/>
      </object_component>
      <object_component id="oc-b1">
         <name>.debug_info</name>
         <load_address>0x2bad</load_address>
         <run_address>0x2bad</run_address>
         <size>0x27f</size>
         <input_file_ref idref="fl-9"/>
      </object_component>
      <object_component id="oc-b3">
         <name>.debug_info</name>
         <load_address>0x2e2c</load_address>
         <run_address>0x2e2c</run_address>
         <size>0x302</size>
         <input_file_ref idref="fl-6"/>
      </object_component>
      <object_component id="oc-b6">
         <name>.debug_info</name>
         <load_address>0x312e</load_address>
         <run_address>0x312e</run_address>
         <size>0xc8</size>
         <input_file_ref idref="fl-9"/>
      </object_component>
      <object_component id="oc-b8">
         <name>.debug_info</name>
         <load_address>0x31f6</load_address>
         <run_address>0x31f6</run_address>
         <size>0x8b</size>
         <input_file_ref idref="fl-6"/>
      </object_component>
      <object_component id="oc-be">
         <name>.debug_info</name>
         <load_address>0x3281</load_address>
         <run_address>0x3281</run_address>
         <size>0x207</size>
         <input_file_ref idref="fl-15c"/>
      </object_component>
      <object_component id="oc-c3">
         <name>.debug_info</name>
         <load_address>0x3488</load_address>
         <run_address>0x3488</run_address>
         <size>0x202</size>
         <input_file_ref idref="fl-15a"/>
      </object_component>
      <object_component id="oc-c9">
         <name>.debug_info</name>
         <load_address>0x368a</load_address>
         <run_address>0x368a</run_address>
         <size>0x199</size>
         <input_file_ref idref="fl-3"/>
      </object_component>
      <object_component id="oc-cb">
         <name>.debug_info</name>
         <load_address>0x3823</load_address>
         <run_address>0x3823</run_address>
         <size>0xcc</size>
         <input_file_ref idref="fl-3"/>
      </object_component>
      <object_component id="oc-cf">
         <name>.debug_info</name>
         <load_address>0x38ef</load_address>
         <run_address>0x38ef</run_address>
         <size>0x84</size>
         <input_file_ref idref="fl-2"/>
      </object_component>
      <object_component id="oc-d6">
         <name>.debug_info</name>
         <load_address>0x3973</load_address>
         <run_address>0x3973</run_address>
         <size>0x14b</size>
         <input_file_ref idref="fl-152"/>
      </object_component>
      <object_component id="oc-db">
         <name>.debug_info</name>
         <load_address>0x3abe</load_address>
         <run_address>0x3abe</run_address>
         <size>0x151</size>
         <input_file_ref idref="fl-7"/>
      </object_component>
      <object_component id="oc-e0">
         <name>.debug_info</name>
         <load_address>0x3c0f</load_address>
         <run_address>0x3c0f</run_address>
         <size>0x11b</size>
         <input_file_ref idref="fl-150"/>
      </object_component>
      <object_component id="oc-e2">
         <name>.debug_info</name>
         <load_address>0x3d2a</load_address>
         <run_address>0x3d2a</run_address>
         <size>0xc8</size>
         <input_file_ref idref="fl-14f"/>
      </object_component>
      <object_component id="oc-e4">
         <name>.debug_info</name>
         <load_address>0x3df2</load_address>
         <run_address>0x3df2</run_address>
         <size>0xeb</size>
         <input_file_ref idref="fl-13c"/>
      </object_component>
      <object_component id="oc-e6">
         <name>.debug_info</name>
         <load_address>0x3edd</load_address>
         <run_address>0x3edd</run_address>
         <size>0x146</size>
         <input_file_ref idref="fl-13c"/>
      </object_component>
      <object_component id="oc-ea">
         <name>.debug_info</name>
         <load_address>0x4023</load_address>
         <run_address>0x4023</run_address>
         <size>0x2c</size>
         <input_file_ref idref="fl-139"/>
      </object_component>
      <object_component id="oc-f1">
         <name>.debug_info</name>
         <load_address>0x404f</load_address>
         <run_address>0x404f</run_address>
         <size>0x2c</size>
         <input_file_ref idref="fl-13b"/>
      </object_component>
      <object_component id="oc-fc">
         <name>.debug_info</name>
         <load_address>0x407b</load_address>
         <run_address>0x407b</run_address>
         <size>0x1c2</size>
         <input_file_ref idref="fl-15b"/>
      </object_component>
      <object_component id="oc-fe">
         <name>.debug_info</name>
         <load_address>0x423d</load_address>
         <run_address>0x423d</run_address>
         <size>0x18b</size>
         <input_file_ref idref="fl-158"/>
      </object_component>
      <object_component id="oc-103">
         <name>.debug_info</name>
         <load_address>0x43c8</load_address>
         <run_address>0x43c8</run_address>
         <size>0x1ba</size>
         <input_file_ref idref="fl-15b"/>
      </object_component>
      <object_component id="oc-105">
         <name>.debug_info</name>
         <load_address>0x4582</load_address>
         <run_address>0x4582</run_address>
         <size>0x1d7</size>
         <input_file_ref idref="fl-15c"/>
      </object_component>
      <object_component id="oc-108">
         <name>.debug_info</name>
         <load_address>0x4759</load_address>
         <run_address>0x4759</run_address>
         <size>0x2fa</size>
         <input_file_ref idref="fl-6"/>
      </object_component>
      <object_component id="oc-10c">
         <name>.debug_info</name>
         <load_address>0x4a53</load_address>
         <run_address>0x4a53</run_address>
         <size>0x1b4</size>
         <input_file_ref idref="fl-6"/>
      </object_component>
      <object_component id="oc-115">
         <name>.debug_info</name>
         <load_address>0x4c07</load_address>
         <run_address>0x4c07</run_address>
         <size>0x1ce</size>
         <input_file_ref idref="fl-158"/>
      </object_component>
      <object_component id="oc-118">
         <name>.debug_info</name>
         <load_address>0x4dd5</load_address>
         <run_address>0x4dd5</run_address>
         <size>0x173</size>
         <input_file_ref idref="fl-15d"/>
      </object_component>
      <object_component id="oc-11c">
         <name>.debug_info</name>
         <load_address>0x4f48</load_address>
         <run_address>0x4f48</run_address>
         <size>0x90</size>
         <input_file_ref idref="fl-158"/>
      </object_component>
      <object_component id="oc-124">
         <name>.debug_info</name>
         <load_address>0x4fd8</load_address>
         <run_address>0x4fd8</run_address>
         <size>0x176</size>
         <input_file_ref idref="fl-15d"/>
      </object_component>
      <object_component id="oc-129">
         <name>.debug_info</name>
         <load_address>0x514e</load_address>
         <run_address>0x514e</run_address>
         <size>0x62</size>
         <input_file_ref idref="fl-9"/>
      </object_component>
      <object_component id="oc-136">
         <name>.debug_info</name>
         <load_address>0x51b0</load_address>
         <run_address>0x51b0</run_address>
         <size>0xff</size>
         <input_file_ref idref="fl-15a"/>
      </object_component>
      <object_component id="oc-13d">
         <name>.debug_info</name>
         <load_address>0x52af</load_address>
         <run_address>0x52af</run_address>
         <size>0x148</size>
         <input_file_ref idref="fl-152"/>
      </object_component>
      <object_component id="oc-13f">
         <name>.debug_info</name>
         <load_address>0x53f7</load_address>
         <run_address>0x53f7</run_address>
         <size>0x275</size>
         <input_file_ref idref="fl-7"/>
      </object_component>
      <object_component id="oc-144">
         <name>.debug_info</name>
         <load_address>0x566c</load_address>
         <run_address>0x566c</run_address>
         <size>0x178</size>
         <input_file_ref idref="fl-6"/>
      </object_component>
      <object_component id="oc-14c">
         <name>.debug_info</name>
         <load_address>0x57e4</load_address>
         <run_address>0x57e4</run_address>
         <size>0x5e</size>
         <input_file_ref idref="fl-150"/>
      </object_component>
      <object_component id="oc-152">
         <name>.debug_info</name>
         <load_address>0x5842</load_address>
         <run_address>0x5842</run_address>
         <size>0x1d4</size>
         <input_file_ref idref="fl-14f"/>
      </object_component>
      <object_component id="oc-158">
         <name>.debug_info</name>
         <load_address>0x5a16</load_address>
         <run_address>0x5a16</run_address>
         <size>0xd9</size>
         <input_file_ref idref="fl-14f"/>
      </object_component>
      <object_component id="oc-165">
         <name>.debug_info</name>
         <load_address>0x5aef</load_address>
         <run_address>0x5aef</run_address>
         <size>0xdf</size>
         <input_file_ref idref="fl-143"/>
      </object_component>
      <object_component id="oc-168">
         <name>.debug_info</name>
         <load_address>0x5bce</load_address>
         <run_address>0x5bce</run_address>
         <size>0xff</size>
         <input_file_ref idref="fl-13d"/>
      </object_component>
      <object_component id="oc-16e">
         <name>.debug_info</name>
         <load_address>0x5ccd</load_address>
         <run_address>0x5ccd</run_address>
         <size>0xe1</size>
         <input_file_ref idref="fl-148"/>
      </object_component>
      <object_component id="oc-172">
         <name>.debug_info</name>
         <load_address>0x5dae</load_address>
         <run_address>0x5dae</run_address>
         <size>0xed</size>
         <input_file_ref idref="fl-140"/>
      </object_component>
      <object_component id="oc-175">
         <name>.debug_info</name>
         <load_address>0x5e9b</load_address>
         <run_address>0x5e9b</run_address>
         <size>0xed</size>
         <input_file_ref idref="fl-13f"/>
      </object_component>
      <object_component id="oc-179">
         <name>.debug_info</name>
         <load_address>0x5f88</load_address>
         <run_address>0x5f88</run_address>
         <size>0xec</size>
         <input_file_ref idref="fl-142"/>
      </object_component>
      <object_component id="oc-183">
         <name>.debug_info</name>
         <load_address>0x6074</load_address>
         <run_address>0x6074</run_address>
         <size>0x226</size>
         <input_file_ref idref="fl-15a"/>
      </object_component>
      <object_component id="oc-186">
         <name>.debug_info</name>
         <load_address>0x629a</load_address>
         <run_address>0x629a</run_address>
         <size>0xcd</size>
         <input_file_ref idref="fl-152"/>
      </object_component>
      <object_component id="oc-18c">
         <name>.debug_info</name>
         <load_address>0x6367</load_address>
         <run_address>0x6367</run_address>
         <size>0x312</size>
         <input_file_ref idref="fl-15c"/>
      </object_component>
      <object_component id="oc-191">
         <name>.debug_info</name>
         <load_address>0x6679</load_address>
         <run_address>0x6679</run_address>
         <size>0x21f</size>
         <input_file_ref idref="fl-15c"/>
      </object_component>
      <object_component id="oc-196">
         <name>.debug_info</name>
         <load_address>0x6898</load_address>
         <run_address>0x6898</run_address>
         <size>0x1f3</size>
         <input_file_ref idref="fl-15c"/>
      </object_component>
      <object_component id="oc-19b">
         <name>.debug_info</name>
         <load_address>0x6a8b</load_address>
         <run_address>0x6a8b</run_address>
         <size>0x1c5</size>
         <input_file_ref idref="fl-9"/>
      </object_component>
      <object_component id="oc-1a0">
         <name>.debug_info</name>
         <load_address>0x6c50</load_address>
         <run_address>0x6c50</run_address>
         <size>0x2b0</size>
         <input_file_ref idref="fl-15b"/>
      </object_component>
      <object_component id="oc-1a6">
         <name>.debug_info</name>
         <load_address>0x6f00</load_address>
         <run_address>0x6f00</run_address>
         <size>0x3c7</size>
         <input_file_ref idref="fl-6"/>
      </object_component>
      <object_component id="oc-1ae">
         <name>.debug_info</name>
         <load_address>0x72c7</load_address>
         <run_address>0x72c7</run_address>
         <size>0x237</size>
         <input_file_ref idref="fl-145"/>
      </object_component>
      <object_component id="oc-1b0">
         <name>.debug_info</name>
         <load_address>0x74fe</load_address>
         <run_address>0x74fe</run_address>
         <size>0xe1</size>
         <input_file_ref idref="fl-141"/>
      </object_component>
      <object_component id="oc-1c1">
         <name>.debug_info</name>
         <load_address>0x75df</load_address>
         <run_address>0x75df</run_address>
         <size>0x5f</size>
         <input_file_ref idref="fl-15a"/>
      </object_component>
      <object_component id="oc-1cb">
         <name>.debug_info</name>
         <load_address>0x763e</load_address>
         <run_address>0x763e</run_address>
         <size>0x252</size>
         <input_file_ref idref="fl-2"/>
      </object_component>
      <object_component id="oc-1cf">
         <name>.debug_info</name>
         <load_address>0x7890</load_address>
         <run_address>0x7890</run_address>
         <size>0x1f3</size>
         <input_file_ref idref="fl-158"/>
      </object_component>
      <object_component id="oc-1d5">
         <name>.debug_info</name>
         <load_address>0x7a83</load_address>
         <run_address>0x7a83</run_address>
         <size>0x169</size>
         <input_file_ref idref="fl-9"/>
      </object_component>
      <object_component id="oc-1da">
         <name>.debug_info</name>
         <load_address>0x7bec</load_address>
         <run_address>0x7bec</run_address>
         <size>0x109</size>
         <input_file_ref idref="fl-15b"/>
      </object_component>
      <object_component id="oc-1dd">
         <name>.debug_info</name>
         <load_address>0x7cf5</load_address>
         <run_address>0x7cf5</run_address>
         <size>0x1b0</size>
         <input_file_ref idref="fl-137"/>
      </object_component>
      <object_component id="oc-1e2">
         <name>.debug_info</name>
         <load_address>0x7ea5</load_address>
         <run_address>0x7ea5</run_address>
         <size>0xdd</size>
         <input_file_ref idref="fl-13e"/>
      </object_component>
      <object_component id="oc-1e6">
         <name>.debug_info</name>
         <load_address>0x7f82</load_address>
         <run_address>0x7f82</run_address>
         <size>0xdb</size>
         <input_file_ref idref="fl-13e"/>
      </object_component>
      <object_component id="oc-1eb">
         <name>.debug_info</name>
         <load_address>0x805d</load_address>
         <run_address>0x805d</run_address>
         <size>0x112</size>
         <input_file_ref idref="fl-6"/>
      </object_component>
      <object_component id="oc-1ef">
         <name>.debug_info</name>
         <load_address>0x816f</load_address>
         <run_address>0x816f</run_address>
         <size>0x114</size>
         <input_file_ref idref="fl-6"/>
      </object_component>
      <object_component id="oc-1f9">
         <name>.debug_info</name>
         <load_address>0x8283</load_address>
         <run_address>0x8283</run_address>
         <size>0x147</size>
         <input_file_ref idref="fl-14c"/>
      </object_component>
      <object_component id="oc-1fe">
         <name>.debug_info</name>
         <load_address>0x83ca</load_address>
         <run_address>0x83ca</run_address>
         <size>0x172</size>
         <input_file_ref idref="fl-14a"/>
      </object_component>
      <object_component id="oc-206">
         <name>.debug_info</name>
         <load_address>0x853c</load_address>
         <run_address>0x853c</run_address>
         <size>0x127</size>
         <input_file_ref idref="fl-14d"/>
      </object_component>
      <object_component id="oc-208">
         <name>.debug_info</name>
         <load_address>0x8663</load_address>
         <run_address>0x8663</run_address>
         <size>0x189</size>
         <input_file_ref idref="fl-14e"/>
      </object_component>
      <object_component id="oc-20c">
         <name>.debug_info</name>
         <load_address>0x87ec</load_address>
         <run_address>0x87ec</run_address>
         <size>0x14a</size>
         <input_file_ref idref="fl-2"/>
      </object_component>
      <object_component id="oc-20e">
         <name>.debug_info</name>
         <load_address>0x8936</load_address>
         <run_address>0x8936</run_address>
         <size>0xf4</size>
         <input_file_ref idref="fl-2"/>
      </object_component>
      <object_component id="oc-20f">
         <name>.debug_info</name>
         <load_address>0x8a2a</load_address>
         <run_address>0x8a2a</run_address>
         <size>0x24d</size>
         <input_file_ref idref="fl-2"/>
      </object_component>
      <object_component id="oc-211">
         <name>.debug_info</name>
         <load_address>0x8c77</load_address>
         <run_address>0x8c77</run_address>
         <size>0x112</size>
         <input_file_ref idref="fl-2"/>
      </object_component>
      <object_component id="oc-219">
         <name>.debug_info</name>
         <load_address>0x8d89</load_address>
         <run_address>0x8d89</run_address>
         <size>0x10f</size>
         <input_file_ref idref="fl-14b"/>
      </object_component>
      <object_component id="oc-21c">
         <name>.debug_info</name>
         <load_address>0x8e98</load_address>
         <run_address>0x8e98</run_address>
         <size>0x300</size>
         <input_file_ref idref="fl-149"/>
      </object_component>
      <object_component id="oc-221">
         <name>.debug_info</name>
         <load_address>0x9198</load_address>
         <run_address>0x9198</run_address>
         <size>0xe0</size>
         <input_file_ref idref="fl-137"/>
      </object_component>
      <object_component id="oc-227">
         <name>.debug_info</name>
         <load_address>0x9278</load_address>
         <run_address>0x9278</run_address>
         <size>0x121</size>
         <input_file_ref idref="fl-157"/>
      </object_component>
      <object_component id="oc-22c">
         <name>.debug_info</name>
         <load_address>0x9399</load_address>
         <run_address>0x9399</run_address>
         <size>0xcf</size>
         <input_file_ref idref="fl-14c"/>
      </object_component>
      <object_component id="oc-22e">
         <name>.debug_info</name>
         <load_address>0x9468</load_address>
         <run_address>0x9468</run_address>
         <size>0xe5</size>
         <input_file_ref idref="fl-14a"/>
      </object_component>
      <object_component id="oc-232">
         <name>.debug_info</name>
         <load_address>0x954d</load_address>
         <run_address>0x954d</run_address>
         <size>0x143</size>
         <input_file_ref idref="fl-154"/>
      </object_component>
      <object_component id="oc-235">
         <name>.debug_info</name>
         <load_address>0x9690</load_address>
         <run_address>0x9690</run_address>
         <size>0xaa</size>
         <input_file_ref idref="fl-153"/>
      </object_component>
      <object_component id="oc-239">
         <name>.debug_info</name>
         <load_address>0x973a</load_address>
         <run_address>0x973a</run_address>
         <size>0x86</size>
         <input_file_ref idref="fl-3"/>
      </object_component>
      <object_component id="oc-248">
         <name>.debug_info</name>
         <load_address>0x97c0</load_address>
         <run_address>0x97c0</run_address>
         <size>0x9a</size>
         <input_file_ref idref="fl-14b"/>
      </object_component>
      <object_component id="oc-24a">
         <name>.debug_info</name>
         <load_address>0x985a</load_address>
         <run_address>0x985a</run_address>
         <size>0xf2</size>
         <input_file_ref idref="fl-149"/>
      </object_component>
      <object_component id="oc-24f">
         <name>.debug_info</name>
         <load_address>0x994c</load_address>
         <run_address>0x994c</run_address>
         <size>0x9a</size>
         <input_file_ref idref="fl-157"/>
      </object_component>
      <object_component id="oc-255">
         <name>.debug_info</name>
         <load_address>0x99e6</load_address>
         <run_address>0x99e6</run_address>
         <size>0x128</size>
         <input_file_ref idref="fl-155"/>
      </object_component>
      <object_component id="oc-25a">
         <name>.debug_info</name>
         <load_address>0x9b0e</load_address>
         <run_address>0x9b0e</run_address>
         <size>0xe2</size>
         <input_file_ref idref="fl-154"/>
      </object_component>
      <object_component id="oc-262">
         <name>.debug_info</name>
         <load_address>0x9bf0</load_address>
         <run_address>0x9bf0</run_address>
         <size>0x11a</size>
         <input_file_ref idref="fl-149"/>
      </object_component>
      <object_component id="oc-266">
         <name>.debug_info</name>
         <load_address>0x9d0a</load_address>
         <run_address>0x9d0a</run_address>
         <size>0x13e</size>
         <input_file_ref idref="fl-156"/>
      </object_component>
      <object_component id="oc-26b">
         <name>.debug_info</name>
         <load_address>0x9e48</load_address>
         <run_address>0x9e48</run_address>
         <size>0xd1</size>
         <input_file_ref idref="fl-155"/>
      </object_component>
      <object_component id="oc-26e">
         <name>.debug_info</name>
         <load_address>0x9f19</load_address>
         <run_address>0x9f19</run_address>
         <size>0x6f</size>
         <input_file_ref idref="fl-154"/>
      </object_component>
      <object_component id="oc-273">
         <name>.debug_info</name>
         <load_address>0x9f88</load_address>
         <run_address>0x9f88</run_address>
         <size>0x112</size>
         <input_file_ref idref="fl-154"/>
      </object_component>
      <object_component id="oc-277">
         <name>.debug_info</name>
         <load_address>0xa09a</load_address>
         <run_address>0xa09a</run_address>
         <size>0xaf</size>
         <input_file_ref idref="fl-156"/>
      </object_component>
      <object_component id="oc-279">
         <name>.debug_info</name>
         <load_address>0xa149</load_address>
         <run_address>0xa149</run_address>
         <size>0xf1</size>
         <input_file_ref idref="fl-156"/>
      </object_component>
      <object_component id="oc-27c">
         <name>.debug_info</name>
         <load_address>0xa23a</load_address>
         <run_address>0xa23a</run_address>
         <size>0x2c</size>
         <input_file_ref idref="fl-155"/>
      </object_component>
      <object_component id="oc-2a7">
         <name>.debug_info</name>
         <load_address>0xa266</load_address>
         <run_address>0xa266</run_address>
         <size>0x9b</size>
      </object_component>
      <object_component id="oc-12">
         <name>.debug_aranges</name>
         <load_address>0x0</load_address>
         <run_address>0x0</run_address>
         <size>0x20</size>
         <input_file_ref idref="fl-138"/>
      </object_component>
      <object_component id="oc-18">
         <name>.debug_aranges</name>
         <load_address>0x20</load_address>
         <run_address>0x20</run_address>
         <size>0x20</size>
         <input_file_ref idref="fl-139"/>
      </object_component>
      <object_component id="oc-1a">
         <name>.debug_aranges</name>
         <load_address>0x40</load_address>
         <run_address>0x40</run_address>
         <size>0x20</size>
         <input_file_ref idref="fl-13b"/>
      </object_component>
      <object_component id="oc-1f">
         <name>.debug_aranges</name>
         <load_address>0x60</load_address>
         <run_address>0x60</run_address>
         <size>0x20</size>
         <input_file_ref idref="fl-13a"/>
      </object_component>
      <object_component id="oc-28">
         <name>.debug_aranges</name>
         <load_address>0x80</load_address>
         <run_address>0x80</run_address>
         <size>0x20</size>
         <input_file_ref idref="fl-4"/>
      </object_component>
      <object_component id="oc-2d">
         <name>.debug_aranges</name>
         <load_address>0xa0</load_address>
         <run_address>0xa0</run_address>
         <size>0x20</size>
         <input_file_ref idref="fl-4"/>
      </object_component>
      <object_component id="oc-31">
         <name>.debug_aranges</name>
         <load_address>0xc0</load_address>
         <run_address>0xc0</run_address>
         <size>0x20</size>
         <input_file_ref idref="fl-4"/>
      </object_component>
      <object_component id="oc-37">
         <name>.debug_aranges</name>
         <load_address>0xe0</load_address>
         <run_address>0xe0</run_address>
         <size>0x20</size>
         <input_file_ref idref="fl-4"/>
      </object_component>
      <object_component id="oc-3b">
         <name>.debug_aranges</name>
         <load_address>0x100</load_address>
         <run_address>0x100</run_address>
         <size>0x20</size>
         <input_file_ref idref="fl-5"/>
      </object_component>
      <object_component id="oc-40">
         <name>.debug_aranges</name>
         <load_address>0x120</load_address>
         <run_address>0x120</run_address>
         <size>0x20</size>
         <input_file_ref idref="fl-9"/>
      </object_component>
      <object_component id="oc-46">
         <name>.debug_aranges</name>
         <load_address>0x140</load_address>
         <run_address>0x140</run_address>
         <size>0x20</size>
         <input_file_ref idref="fl-9"/>
      </object_component>
      <object_component id="oc-4b">
         <name>.debug_aranges</name>
         <load_address>0x160</load_address>
         <run_address>0x160</run_address>
         <size>0x20</size>
         <input_file_ref idref="fl-3"/>
      </object_component>
      <object_component id="oc-51">
         <name>.debug_aranges</name>
         <load_address>0x180</load_address>
         <run_address>0x180</run_address>
         <size>0x28</size>
         <input_file_ref idref="fl-151"/>
      </object_component>
      <object_component id="oc-55">
         <name>.debug_aranges</name>
         <load_address>0x1a8</load_address>
         <run_address>0x1a8</run_address>
         <size>0x20</size>
         <input_file_ref idref="fl-150"/>
      </object_component>
      <object_component id="oc-5b">
         <name>.debug_aranges</name>
         <load_address>0x1c8</load_address>
         <run_address>0x1c8</run_address>
         <size>0x30</size>
         <input_file_ref idref="fl-13c"/>
      </object_component>
      <object_component id="oc-61">
         <name>.debug_aranges</name>
         <load_address>0x1f8</load_address>
         <run_address>0x1f8</run_address>
         <size>0x20</size>
         <input_file_ref idref="fl-144"/>
      </object_component>
      <object_component id="oc-73">
         <name>.debug_aranges</name>
         <load_address>0x218</load_address>
         <run_address>0x218</run_address>
         <size>0x20</size>
         <input_file_ref idref="fl-13a"/>
      </object_component>
      <object_component id="oc-86">
         <name>.debug_aranges</name>
         <load_address>0x238</load_address>
         <run_address>0x238</run_address>
         <size>0x20</size>
         <input_file_ref idref="fl-15b"/>
      </object_component>
      <object_component id="oc-89">
         <name>.debug_aranges</name>
         <load_address>0x258</load_address>
         <run_address>0x258</run_address>
         <size>0x20</size>
         <input_file_ref idref="fl-15c"/>
      </object_component>
      <object_component id="oc-90">
         <name>.debug_aranges</name>
         <load_address>0x278</load_address>
         <run_address>0x278</run_address>
         <size>0x20</size>
         <input_file_ref idref="fl-6"/>
      </object_component>
      <object_component id="oc-95">
         <name>.debug_aranges</name>
         <load_address>0x298</load_address>
         <run_address>0x298</run_address>
         <size>0x20</size>
         <input_file_ref idref="fl-15b"/>
      </object_component>
      <object_component id="oc-a3">
         <name>.debug_aranges</name>
         <load_address>0x2b8</load_address>
         <run_address>0x2b8</run_address>
         <size>0x20</size>
         <input_file_ref idref="fl-158"/>
      </object_component>
      <object_component id="oc-a8">
         <name>.debug_aranges</name>
         <load_address>0x2d8</load_address>
         <run_address>0x2d8</run_address>
         <size>0x20</size>
         <input_file_ref idref="fl-15b"/>
      </object_component>
      <object_component id="oc-ad">
         <name>.debug_aranges</name>
         <load_address>0x2f8</load_address>
         <run_address>0x2f8</run_address>
         <size>0x20</size>
         <input_file_ref idref="fl-15b"/>
      </object_component>
      <object_component id="oc-bf">
         <name>.debug_aranges</name>
         <load_address>0x318</load_address>
         <run_address>0x318</run_address>
         <size>0x20</size>
         <input_file_ref idref="fl-15c"/>
      </object_component>
      <object_component id="oc-c6">
         <name>.debug_aranges</name>
         <load_address>0x338</load_address>
         <run_address>0x338</run_address>
         <size>0x20</size>
         <input_file_ref idref="fl-15a"/>
      </object_component>
      <object_component id="oc-d8">
         <name>.debug_aranges</name>
         <load_address>0x358</load_address>
         <run_address>0x358</run_address>
         <size>0x20</size>
         <input_file_ref idref="fl-152"/>
      </object_component>
      <object_component id="oc-de">
         <name>.debug_aranges</name>
         <load_address>0x378</load_address>
         <run_address>0x378</run_address>
         <size>0x20</size>
         <input_file_ref idref="fl-7"/>
      </object_component>
      <object_component id="oc-10a">
         <name>.debug_aranges</name>
         <load_address>0x398</load_address>
         <run_address>0x398</run_address>
         <size>0x20</size>
         <input_file_ref idref="fl-6"/>
      </object_component>
      <object_component id="oc-10f">
         <name>.debug_aranges</name>
         <load_address>0x3b8</load_address>
         <run_address>0x3b8</run_address>
         <size>0x20</size>
         <input_file_ref idref="fl-6"/>
      </object_component>
      <object_component id="oc-11a">
         <name>.debug_aranges</name>
         <load_address>0x3d8</load_address>
         <run_address>0x3d8</run_address>
         <size>0x20</size>
         <input_file_ref idref="fl-15d"/>
      </object_component>
      <object_component id="oc-125">
         <name>.debug_aranges</name>
         <load_address>0x3f8</load_address>
         <run_address>0x3f8</run_address>
         <size>0x20</size>
         <input_file_ref idref="fl-15d"/>
      </object_component>
      <object_component id="oc-142">
         <name>.debug_aranges</name>
         <load_address>0x418</load_address>
         <run_address>0x418</run_address>
         <size>0x20</size>
         <input_file_ref idref="fl-7"/>
      </object_component>
      <object_component id="oc-147">
         <name>.debug_aranges</name>
         <load_address>0x438</load_address>
         <run_address>0x438</run_address>
         <size>0x20</size>
         <input_file_ref idref="fl-6"/>
      </object_component>
      <object_component id="oc-155">
         <name>.debug_aranges</name>
         <load_address>0x458</load_address>
         <run_address>0x458</run_address>
         <size>0x30</size>
         <input_file_ref idref="fl-14f"/>
      </object_component>
      <object_component id="oc-166">
         <name>.debug_aranges</name>
         <load_address>0x488</load_address>
         <run_address>0x488</run_address>
         <size>0x20</size>
         <input_file_ref idref="fl-143"/>
      </object_component>
      <object_component id="oc-169">
         <name>.debug_aranges</name>
         <load_address>0x4a8</load_address>
         <run_address>0x4a8</run_address>
         <size>0x20</size>
         <input_file_ref idref="fl-13d"/>
      </object_component>
      <object_component id="oc-16c">
         <name>.debug_aranges</name>
         <load_address>0x4c8</load_address>
         <run_address>0x4c8</run_address>
         <size>0x20</size>
         <input_file_ref idref="fl-148"/>
      </object_component>
      <object_component id="oc-171">
         <name>.debug_aranges</name>
         <load_address>0x4e8</load_address>
         <run_address>0x4e8</run_address>
         <size>0x20</size>
         <input_file_ref idref="fl-140"/>
      </object_component>
      <object_component id="oc-176">
         <name>.debug_aranges</name>
         <load_address>0x508</load_address>
         <run_address>0x508</run_address>
         <size>0x20</size>
         <input_file_ref idref="fl-13f"/>
      </object_component>
      <object_component id="oc-17a">
         <name>.debug_aranges</name>
         <load_address>0x528</load_address>
         <run_address>0x528</run_address>
         <size>0x20</size>
         <input_file_ref idref="fl-142"/>
      </object_component>
      <object_component id="oc-18d">
         <name>.debug_aranges</name>
         <load_address>0x548</load_address>
         <run_address>0x548</run_address>
         <size>0x20</size>
         <input_file_ref idref="fl-15c"/>
      </object_component>
      <object_component id="oc-192">
         <name>.debug_aranges</name>
         <load_address>0x568</load_address>
         <run_address>0x568</run_address>
         <size>0x20</size>
         <input_file_ref idref="fl-15c"/>
      </object_component>
      <object_component id="oc-197">
         <name>.debug_aranges</name>
         <load_address>0x588</load_address>
         <run_address>0x588</run_address>
         <size>0x20</size>
         <input_file_ref idref="fl-15c"/>
      </object_component>
      <object_component id="oc-19e">
         <name>.debug_aranges</name>
         <load_address>0x5a8</load_address>
         <run_address>0x5a8</run_address>
         <size>0x20</size>
         <input_file_ref idref="fl-9"/>
      </object_component>
      <object_component id="oc-1a3">
         <name>.debug_aranges</name>
         <load_address>0x5c8</load_address>
         <run_address>0x5c8</run_address>
         <size>0x20</size>
         <input_file_ref idref="fl-15b"/>
      </object_component>
      <object_component id="oc-1a9">
         <name>.debug_aranges</name>
         <load_address>0x5e8</load_address>
         <run_address>0x5e8</run_address>
         <size>0x20</size>
         <input_file_ref idref="fl-6"/>
      </object_component>
[...]
         <usage_details>
            <allocated_space>
               <start_address>0x20000000</start_address>
               <size>0x26c</size>
               <logical_group_ref idref="lg-9"/>
            </allocated_space>
            <available_space>
               <start_address>0x2000026c</start_address>
               <size>0x4</size>
            </available_space>
            <allocated_space>
               <start_address>0x20000270</start_address>
               <size>0x168</size>
               <logical_group_ref idref="lg-a"/>
            </allocated_space>
            <allocated_space>
               <start_address>0x200003d8</start_address>
               <size>0x100</size>
               <logical_group_ref idref="lg-d"/>
            </allocated_space>
            <allocated_space>
               <start_address>0x200004d8</start_address>
               <size>0x70</size>
               <logical_group_ref idref="lg-b"/>
            </allocated_space>
            <available_space>
               <start_address>0x20000548</start_address>
               <size>0x7ab8</size>
            </available_space>
         </usage_details>
      </memory_area>
   </placement_map>
   <cptbl_list>
      <cptbl>
         <name>__TI_cinit_table</name>
         <cprec>
            <name>.data</name>
            <load_address>0x21c0</load_address>
            <load_size>0x4a</load_size>
            <run_address>0x20000270</run_address>
            <run_size>0x168</run_size>
            <compression>rle</compression>
         </cprec>
         <cprec>
            <name>.bss</name>
            <load_address>0x2218</load_address>
            <load_size>0x8</load_size>
            <run_address>0x200004d8</run_address>
            <run_size>0x70</run_size>
            <compression>zero_init</compression>
         </cprec>
         <cprec>
            <name>.vtable</name>
            <load_address>0x2220</load_address>
            <load_size>0x8</load_size>
            <run_address>0x20000000</run_address>
            <run_size>0x26c</run_size>
            <compression>zero_init</compression>
         </cprec>
      </cptbl>
   </cptbl_list>
   <handler_table>
      <handler_table_name>__TI_handler_table</handler_table_name>
      <handler>
         <index>0x0</index>
         <name>__TI_zero_init</name>
      </handler>
      <handler>
         <index>0x1</index>
         <name>__TI_decompress_rle24</name>
      </handler>
      <handler>
         <index>0x2</index>
         <name>__TI_decompress_none</name>
      </handler>
   </handler_table>
   <symbol_table>
      <symbol id="sm-1">
         <name>__STACK_TOP</name>
         <value>0x200004d8</value>
      </symbol>
      <symbol id="sm-2">
         <name>__TI_CINIT_Base</name>
         <value>0x2228</value>
      </symbol>
      <symbol id="sm-3">
         <name>__TI_CINIT_Limit</name>
         <value>0x2240</value>
      </symbol>
      <symbol id="sm-4">
         <name>__TI_Handler_Table_Base</name>
         <value>0x220c</value>
      </symbol>
      <symbol id="sm-5">
         <name>__TI_Handler_Table_Limit</name>
         <value>0x2218</value>
      </symbol>
      <symbol id="sm-6">
         <name>binit</name>
         <value>0xffffffff</value>
      </symbol>
      <symbol id="sm-7">
         <name>__binit__</name>
         <value>0xffffffff</value>
      </symbol>
      <symbol id="sm-8">
         <name>__STACK_SIZE</name>
         <value>0x100</value>
      </symbol>
      <symbol id="sm-9">
         <name>__STACK_END</name>
         <value>0x200004d8</value>
      </symbol>
      <symbol id="sm-a">
         <name>__c_args__</name>
         <value>0xffffffff</value>
      </symbol>
      <symbol id="sm-4f">
         <name>UARTStdioConfig</name>
         <value>0x1a69</value>
         <object_component_ref idref="oc-1c9"/>
      </symbol>
      <symbol id="sm-6c">
         <name>g_ui32Flags</name>
         <value>0x20000544</value>
      </symbol>
      <symbol id="sm-6d">
         <name>senser_flag</name>
         <value>0x200003a9</value>
         <object_component_ref idref="oc-ca"/>
      </symbol>
      <symbol id="sm-6e">
         <name>Timer0IntHandler</name>
         <value>0x1591</value>
         <object_component_ref idref="oc-47"/>
      </symbol>
      <symbol id="sm-9a">
         <name>ResetISR</name>
         <value>0x2013</value>
         <object_component_ref idref="oc-24"/>
      </symbol>
      <symbol id="sm-9b">
         <name>g_pfnVectors</name>
         <value>0x0</value>
         <object_component_ref idref="oc-e"/>
      </symbol>
      <symbol id="sm-b5">
         <name>t</name>
         <value>0x200003a0</value>
         <object_component_ref idref="oc-96"/>
      </symbol>
      <symbol id="sm-b6">
         <name>i</name>
         <value>0x200003a4</value>
         <object_component_ref idref="oc-96"/>
      </symbol>
      <symbol id="sm-b7">
         <name>S_flag</name>
         <value>0x200003a8</value>
         <object_component_ref idref="oc-96"/>
      </symbol>
      <symbol id="sm-b8">
         <name>GPIOA6INT</name>
         <value>0x184d</value>
         <object_component_ref idref="oc-38"/>
      </symbol>
      <symbol id="sm-122">
         <name>head_local</name>
         <value>0x20000534</value>
      </symbol>
      <symbol id="sm-123">
         <name>tail_local</name>
         <value>0x2000053c</value>
      </symbol>
      <symbol id="sm-124">
         <name>center_local</name>
         <value>0x2000052c</value>
      </symbol>
      <symbol id="sm-125">
         <name>right_move</name>
         <value>0xf45</value>
         <object_component_ref idref="oc-106"/>
      </symbol>
      <symbol id="sm-126">
         <name>turn_right</name>
         <value>0x1f8d</value>
         <object_component_ref idref="oc-1ee"/>
      </symbol>
      <symbol id="sm-127">
         <name>turn_left</name>
         <value>0x1f7b</value>
         <object_component_ref idref="oc-1e9"/>
      </symbol>
      <symbol id="sm-128">
         <name>left_move</name>
         <value>0x18c9</value>
         <object_component_ref idref="oc-10b"/>
      </symbol>
      <symbol id="sm-129">
         <name>move_to</name>
         <value>0x16b9</value>
         <object_component_ref idref="oc-143"/>
      </symbol>
      <symbol id="sm-12a">
         <name>move_stright</name>
         <value>0x1f9f</value>
         <object_component_ref idref="oc-8c"/>
      </symbol>
      <symbol id="sm-12b">
         <name>head_exact</name>
         <value>0x26d</value>
         <object_component_ref idref="oc-1a5"/>
      </symbol>
      <symbol id="sm-147">
         <name>Init</name>
         <value>0x7d5</value>
         <object_component_ref idref="oc-13e"/>
      </symbol>
      <symbol id="sm-148">
         <name>main</name>
         <value>0x1bd9</value>
         <object_component_ref idref="oc-da"/>
      </symbol>
      <symbol id="sm-19b">
         <name>Position</name>
         <value>0x20000510</value>
      </symbol>
      <symbol id="sm-19c">
         <name>UART0IntHandler</name>
         <value>0x1b29</value>
         <object_component_ref idref="oc-3d"/>
      </symbol>
      <symbol id="sm-19d">
         <name>UARTConfig</name>
         <value>0x1165</value>
         <object_component_ref idref="oc-19a"/>
      </symbol>
      <symbol id="sm-19e">
         <name>UARTIntHandler</name>
         <value>0xa81</value>
         <object_component_ref idref="oc-42"/>
      </symbol>
      <symbol id="sm-19f">
         <name>UART_flag</name>
         <value>0x200003cc</value>
         <object_component_ref idref="oc-b5"/>
      </symbol>
      <symbol id="sm-1a0">
         <name>queue</name>
         <value>0x200004d8</value>
         <object_component_ref idref="oc-ae"/>
      </symbol>
      <symbol id="sm-1a1">
         <name>UARTSend</name>
         <value>0x1ef5</value>
         <object_component_ref idref="oc-1d3"/>
      </symbol>
      <symbol id="sm-1b9">
         <name>atan2</name>
         <value>0xe2d</value>
         <object_component_ref idref="oc-1dc"/>
      </symbol>
      <symbol id="sm-1c8">
         <name>_c_int00</name>
         <value>0x1c21</value>
         <object_component_ref idref="oc-10"/>
      </symbol>
      <symbol id="sm-1c9">
         <name>__stack</name>
         <value>0x200003d8</value>
         <object_component_ref idref="oc-23"/>
      </symbol>
      <symbol id="sm-1df">
         <name>__TI_decompress_none</name>
         <value>0x1faf</value>
         <object_component_ref idref="oc-14"/>
      </symbol>
      <symbol id="sm-201">
         <name>__TI_decompress_rle24</name>
         <value>0x201f</value>
         <object_component_ref idref="oc-1e"/>
      </symbol>
      <symbol id="sm-219">
         <name>__TI_zero_init</name>
         <value>0x1f69</value>
         <object_component_ref idref="oc-19"/>
      </symbol>
      <symbol id="sm-235">
         <name>C$$EXIT</name>
         <value>0x1cf5</value>
         <object_component_ref idref="oc-58"/>
      </symbol>
      <symbol id="sm-236">
         <name>abort</name>
         <value>0x1cf9</value>
         <object_component_ref idref="oc-58"/>
      </symbol>
      <symbol id="sm-237">
         <name>exit</name>
         <value>0x1d01</value>
         <object_component_ref idref="oc-58"/>
      </symbol>
      <symbol id="sm-238">
         <name>__TI_dtors_ptr</name>
         <value>0x200003b8</value>
         <object_component_ref idref="oc-e3"/>
      </symbol>
      <symbol id="sm-239">
         <name>__TI_cleanup_ptr</name>
         <value>0x200003b4</value>
         <object_component_ref idref="oc-e3"/>
      </symbol>
      <symbol id="sm-24f">
         <name>__aeabi_dsub</name>
         <value>0x491</value>
         <object_component_ref idref="oc-167"/>
      </symbol>
      <symbol id="sm-250">
         <name>__aeabi_dadd</name>
         <value>0x49b</value>
         <object_component_ref idref="oc-167"/>
      </symbol>
      <symbol id="sm-270">
         <name>__aeabi_cdcmpeq</name>
         <value>0x1741</value>
         <object_component_ref idref="oc-1e5"/>
      </symbol>
      <symbol id="sm-271">
         <name>__aeabi_cdcmple</name>
         <value>0x1741</value>
         <object_component_ref idref="oc-1e5"/>
      </symbol>
      <symbol id="sm-272">
         <name>__aeabi_cdrcmple</name>
         <value>0x17c7</value>
         <object_component_ref idref="oc-1e1"/>
      </symbol>
      <symbol id="sm-285">
         <name>__aeabi_ddiv</name>
         <value>0xbc5</value>
         <object_component_ref idref="oc-173"/>
      </symbol>
      <symbol id="sm-28f">
         <name>__aeabi_dmul</name>
         <value>0x126d</value>
         <object_component_ref idref="oc-16f"/>
      </symbol>
      <symbol id="sm-298">
         <name>__aeabi_d2iz</name>
         <value>0x1c69</value>
         <object_component_ref idref="oc-1af"/>
      </symbol>
      <symbol id="sm-2a1">
         <name>__aeabi_d2uiz</name>
         <value>0x1d39</value>
         <object_component_ref idref="oc-177"/>
      </symbol>
      <symbol id="sm-2aa">
         <name>__aeabi_i2d</name>
         <value>0x1e99</value>
         <object_component_ref idref="oc-163"/>
      </symbol>
      <symbol id="sm-2c4">
         <name>memcpy</name>
         <value>0x14f5</value>
         <object_component_ref idref="oc-60"/>
      </symbol>
      <symbol id="sm-2c5">
         <name>__aeabi_memcpy</name>
         <value>0x14f5</value>
         <object_component_ref idref="oc-60"/>
      </symbol>
      <symbol id="sm-2c6">
         <name>__aeabi_memcpy8</name>
         <value>0x14f5</value>
         <object_component_ref idref="oc-60"/>
      </symbol>
      <symbol id="sm-2c7">
         <name>__aeabi_memcpy4</name>
         <value>0x14f5</value>
         <object_component_ref idref="oc-60"/>
      </symbol>
      <symbol id="sm-2dd">
         <name>sqrt</name>
         <value>0x939</value>
         <object_component_ref idref="oc-1aa"/>
      </symbol>
      <symbol id="sm-2e4">
         <name>main_func_sp</name>
         <value>0x200003d4</value>
         <object_component_ref idref="oc-5d"/>
      </symbol>
      <symbol id="sm-2ee">
         <name>__aeabi_ui2d</name>
         <value>0x1f1d</value>
         <object_component_ref idref="oc-16b"/>
      </symbol>
      <symbol id="sm-30e">
         <name>_Atan</name>
         <value>0x649</value>
         <object_component_ref idref="oc-21b"/>
      </symbol>
      <symbol id="sm-328">
         <name>_Dscale</name>
         <value>0x1055</value>
         <object_component_ref idref="oc-1fd"/>
      </symbol>
      <symbol id="sm-339">
         <name>_Dtest</name>
         <value>0x1d7d</value>
         <object_component_ref idref="oc-216"/>
      </symbol>
      <symbol id="sm-34c">
         <name>_Dunscale</name>
         <value>0x1945</value>
         <object_component_ref idref="oc-1f8"/>
      </symbol>
      <symbol id="sm-35a">
         <name>_Feraise</name>
         <value>0x1e69</value>
         <object_component_ref idref="oc-202"/>
      </symbol>
      <symbol id="sm-369">
         <name>_Rteps</name>
         <value>0x20000380</value>
         <object_component_ref idref="oc-207"/>
      </symbol>
      <symbol id="sm-36a">
         <name>_Zero</name>
         <value>0x20000398</value>
         <object_component_ref idref="oc-207"/>
      </symbol>
      <symbol id="sm-36b">
         <name>_Hugeval</name>
         <value>0x20000340</value>
         <object_component_ref idref="oc-207"/>
      </symbol>
      <symbol id="sm-36c">
         <name>_Snan</name>
         <value>0x20000370</value>
         <object_component_ref idref="oc-207"/>
      </symbol>
      <symbol id="sm-36d">
         <name>_Nan</name>
         <value>0x20000360</value>
         <object_component_ref idref="oc-207"/>
      </symbol>
      <symbol id="sm-36e">
         <name>_Inf</name>
         <value>0x20000350</value>
         <object_component_ref idref="oc-207"/>
      </symbol>
      <symbol id="sm-36f">
         <name>_Xbig</name>
         <value>0x20000390</value>
         <object_component_ref idref="oc-207"/>
      </symbol>
      <symbol id="sm-370">
         <name>_Eps</name>
         <value>0x20000330</value>
         <object_component_ref idref="oc-207"/>
      </symbol>
      <symbol id="sm-371">
         <name>_Denorm</name>
         <value>0x20000320</value>
         <object_component_ref idref="oc-207"/>
      </symbol>
      <symbol id="sm-387">
         <name>_nop</name>
         <value>0x1f63</value>
         <object_component_ref idref="oc-151"/>
      </symbol>
      <symbol id="sm-388">
         <name>_lock</name>
         <value>0x200003ac</value>
         <object_component_ref idref="oc-e1"/>
      </symbol>
      <symbol id="sm-389">
         <name>_unlock</name>
         <value>0x200003b0</value>
         <object_component_ref idref="oc-e1"/>
      </symbol>
      <symbol id="sm-38a">
         <name>_register_lock</name>
         <value>0x1f5b</value>
         <object_component_ref idref="oc-151"/>
      </symbol>
      <symbol id="sm-38b">
         <name>_register_unlock</name>
         <value>0x1f55</value>
         <object_component_ref idref="oc-151"/>
      </symbol>
      <symbol id="sm-39e">
         <name>_args_main</name>
         <value>0x1f3d</value>
         <object_component_ref idref="oc-53"/>
      </symbol>
      <symbol id="sm-3ba">
         <name>__TI_auto_init</name>
         <value>0x1625</value>
         <object_component_ref idref="oc-4f"/>
      </symbol>
      <symbol id="sm-3d2">
         <name>copy_in</name>
         <value>0x1cb1</value>
         <object_component_ref idref="oc-d4"/>
      </symbol>
      <symbol id="sm-3d9">
         <name>_Errno</name>
         <value>0x200003d0</value>
         <object_component_ref idref="oc-234"/>
      </symbol>
      <symbol id="sm-3f4">
         <name>feraiseexcept</name>
         <value>0x1e35</value>
         <object_component_ref idref="oc-22f"/>
      </symbol>
      <symbol id="sm-3f5">
         <name>_Tls_setup__Fenv</name>
         <value>0x200003c0</value>
         <object_component_ref idref="oc-259"/>
      </symbol>
      <symbol id="sm-3f6">
         <name>_Fenv</name>
         <value>0x200003bc</value>
         <object_component_ref idref="oc-259"/>
      </symbol>
      <symbol id="sm-409">
         <name>raise</name>
         <value>0x1ec7</value>
         <object_component_ref idref="oc-254"/>
      </symbol>
      <symbol id="sm-421">
         <name>signal</name>
         <value>0x1dc1</value>
         <object_component_ref idref="oc-265"/>
      </symbol>
      <symbol id="sm-435">
         <name>_Dnorm</name>
         <value>0x1431</value>
         <object_component_ref idref="oc-226"/>
      </symbol>
      <symbol id="sm-455">
         <name>UARTIntEnable</name>
         <value>0x1fff</value>
         <object_component_ref idref="oc-1ce"/>
      </symbol>
      <symbol id="sm-456">
         <name>UARTCharGet</name>
         <value>0x1ff5</value>
         <object_component_ref idref="oc-9f"/>
      </symbol>
      <symbol id="sm-480">
         <name>SysCtlDelay</name>
         <value>0x2019</value>
         <object_component_ref idref="oc-c7"/>
      </symbol>
      <symbol id="sm-481">
         <name>SysCtlClockGet</name>
         <value>0x1369</value>
         <object_component_ref idref="oc-c2"/>
      </symbol>
      <symbol id="sm-4d6">
         <name>IntEnable</name>
         <value>0x1a09</value>
         <object_component_ref idref="oc-91"/>
      </symbol>
      <symbol id="sm-4d7">
         <name>IntDisable</name>
         <value>0x19a9</value>
         <object_component_ref idref="oc-82"/>
      </symbol>
      <symbol id="sm-4d8">
         <name>IntRegister</name>
         <value>0x1e01</value>
         <object_component_ref idref="oc-19f"/>
      </symbol>
      <symbol id="sm-4d9">
         <name>IntMasterDisable</name>
         <value>0x1fe1</value>
         <object_component_ref idref="oc-a4"/>
      </symbol>
      <symbol id="sm-4da">
         <name>g_pfnRAMVectors</name>
         <value>0x20000000</value>
         <object_component_ref idref="oc-1d9"/>
      </symbol>
      <symbol id="sm-4db">
         <name>IntMasterEnable</name>
         <value>0x1feb</value>
         <object_component_ref idref="oc-a9"/>
      </symbol>
      <symbol id="sm-50b">
         <name>GPIOIntEnable</name>
         <value>0x1fd5</value>
         <object_component_ref idref="oc-195"/>
      </symbol>
      <symbol id="sm-50c">
         <name>GPIOIntTypeSet</name>
         <value>0x1b81</value>
         <object_component_ref idref="oc-190"/>
      </symbol>
      <symbol id="sm-50d">
         <name>GPIOPinRead</name>
         <value>0x2007</value>
         <object_component_ref idref="oc-87"/>
      </symbol>
      <symbol id="sm-50e">
         <name>GPIOPinWrite</name>
         <value>0x200d</value>
         <object_component_ref idref="oc-bd"/>
      </symbol>
      <symbol id="sm-50f">
         <name>GPIOPadConfigSet</name>
         <value>0xcfb</value>
         <object_component_ref idref="oc-18b"/>
      </symbol>
      <symbol id="sm-51f">
         <name>CPUcpsie</name>
         <value>0x1fc9</value>
         <object_component_ref idref="oc-121"/>
      </symbol>
      <symbol id="sm-520">
         <name>CPUcpsid</name>
         <value>0x1fbd</value>
         <object_component_ref idref="oc-116"/>
      </symbol>
      <symbol id="sm-521">
         <name>__TI_static_base__</name>
         <value>0x0</value>
      </symbol>
      <symbol id="sm-522">
         <name>__TI_args_main</name>
         <value>0x1</value>
      </symbol>
      <symbol id="sm-523">
         <name>SHT$$INIT_ARRAY$$Limit</name>
         <value>0x0</value>
      </symbol>
      <symbol id="sm-524">
         <name>SHT$$INIT_ARRAY$$Base</name>
         <value>0x0</value>
      </symbol>
   </symbol_table>
   <title>Link successful</title>
</link_info>
