<?xml version="1.0"?>
<link_info>
   <banner>TI ARM Linker PC v5.1.5</banner>
   <copyright>Copyright (c) 1996-2014 Texas Instruments Incorporated</copyright>
   <link_time>0x54841b28</link_time>
   <link_errors>0x0</link_errors>
   <output_file>02thedc.out</output_file>
   <entry_point>
      <name>_c_int00</name>
      <address>0x200d</address>
   </entry_point>
   <input_file_list>
      <input_file id="fl-2">
         <path>.\utils\</path>
         <kind>object</kind>
         <file>uartstdio.obj</file>
         <name>uartstdio.obj</name>
      </input_file>
      <input_file id="fl-3">
         <path>.\</path>
         <kind>object</kind>
         <file>timer.obj</file>
         <name>timer.obj</name>
      </input_file>
      <input_file id="fl-4">
         <path>.\</path>
         <kind>object</kind>
         <file>startup_ccs.obj</file>
         <name>startup_ccs.obj</name>
      </input_file>
      <input_file id="fl-5">
         <path>.\</path>
         <kind>object</kind>
         <file>senseros.obj</file>
         <name>senseros.obj</name>
      </input_file>
      <input_file id="fl-6">
         <path>.\</path>
         <kind>object</kind>
         <file>move.obj</file>
         <name>move.obj</name>
      </input_file>
      <input_file id="fl-7">
         <path>.\</path>
         <kind>object</kind>
         <file>main.obj</file>
         <name>main.obj</name>
      </input_file>
      <input_file id="fl-8">
         <path>.\</path>
         <kind>object</kind>
         <file>commu.obj</file>
         <name>commu.obj</name>
      </input_file>
      <input_file id="fl-136">
         <path>c:\ti\ccsv6\tools\compiler\arm_5.1.5\lib\</path>
         <kind>archive</kind>
         <file>rtsv7M4_T_le_v4SPD16_eabi.lib</file>
         <name>atan2.obj</name>
      </input_file>
      <input_file id="fl-137">
         <path>c:\ti\ccsv6\tools\compiler\arm_5.1.5\lib\</path>
         <kind>archive</kind>
         <file>rtsv7M4_T_le_v4SPD16_eabi.lib</file>
         <name>boot.obj</name>
      </input_file>
      <input_file id="fl-138">
         <path>c:\ti\ccsv6\tools\compiler\arm_5.1.5\lib\</path>
         <kind>archive</kind>
         <file>rtsv7M4_T_le_v4SPD16_eabi.lib</file>
         <name>copy_decompress_none.obj</name>
      </input_file>
      <input_file id="fl-139">
         <path>c:\ti\ccsv6\tools\compiler\arm_5.1.5\lib\</path>
         <kind>archive</kind>
         <file>rtsv7M4_T_le_v4SPD16_eabi.lib</file>
         <name>copy_decompress_rle.obj</name>
      </input_file>
      <input_file id="fl-13a">
         <path>c:\ti\ccsv6\tools\compiler\arm_5.1.5\lib\</path>
         <kind>archive</kind>
         <file>rtsv7M4_T_le_v4SPD16_eabi.lib</file>
         <name>copy_zero_init.obj</name>
      </input_file>
      <input_file id="fl-13b">
         <path>c:\ti\ccsv6\tools\compiler\arm_5.1.5\lib\</path>
         <kind>archive</kind>
         <file>rtsv7M4_T_le_v4SPD16_eabi.lib</file>
         <name>exit.obj</name>
      </input_file>
      <input_file id="fl-13c">
         <path>c:\ti\ccsv6\tools\compiler\arm_5.1.5\lib\</path>
         <kind>archive</kind>
         <file>rtsv7M4_T_le_v4SPD16_eabi.lib</file>
         <name>fd_add_t2.obj</name>
      </input_file>
      <input_file id="fl-13d">
         <path>c:\ti\ccsv6\tools\compiler\arm_5.1.5\lib\</path>
         <kind>archive</kind>
         <file>rtsv7M4_T_le_v4SPD16_eabi.lib</file>
         <name>fd_cmp_t2.obj</name>
      </input_file>
      <input_file id="fl-13e">
         <path>c:\ti\ccsv6\tools\compiler\arm_5.1.5\lib\</path>
         <kind>archive</kind>
         <file>rtsv7M4_T_le_v4SPD16_eabi.lib</file>
         <name>fd_div_t2.obj</name>
      </input_file>
      <input_file id="fl-13f">
         <path>c:\ti\ccsv6\tools\compiler\arm_5.1.5\lib\</path>
         <kind>archive</kind>
         <file>rtsv7M4_T_le_v4SPD16_eabi.lib</file>
         <name>fd_mul_t2.obj</name>
      </input_file>
      <input_file id="fl-140">
         <path>c:\ti\ccsv6\tools\compiler\arm_5.1.5\lib\</path>
         <kind>archive</kind>
         <file>rtsv7M4_T_le_v4SPD16_eabi.lib</file>
         <name>fd_toi_t2.obj</name>
      </input_file>
      <input_file id="fl-141">
         <path>c:\ti\ccsv6\tools\compiler\arm_5.1.5\lib\</path>
         <kind>archive</kind>
         <file>rtsv7M4_T_le_v4SPD16_eabi.lib</file>
         <name>i_tofd_t2.obj</name>
      </input_file>
      <input_file id="fl-142">
         <path>c:\ti\ccsv6\tools\compiler\arm_5.1.5\lib\</path>
         <kind>archive</kind>
         <file>rtsv7M4_T_le_v4SPD16_eabi.lib</file>
         <name>memcpy_t2.obj</name>
      </input_file>
      <input_file id="fl-143">
         <path>c:\ti\ccsv6\tools\compiler\arm_5.1.5\lib\</path>
         <kind>archive</kind>
         <file>rtsv7M4_T_le_v4SPD16_eabi.lib</file>
         <name>sqrt.obj</name>
      </input_file>
      <input_file id="fl-144">
         <path>c:\ti\ccsv6\tools\compiler\arm_5.1.5\lib\</path>
         <kind>archive</kind>
         <file>rtsv7M4_T_le_v4SPD16_eabi.lib</file>
         <name>stkdepth_vars.obj</name>
      </input_file>
      <input_file id="fl-145">
         <path>c:\ti\ccsv6\tools\compiler\arm_5.1.5\lib\</path>
         <kind>archive</kind>
         <file>rtsv7M4_T_le_v4SPD16_eabi.lib</file>
         <name>u_divt2.obj</name>
      </input_file>
      <input_file id="fl-146">
         <path>c:\ti\ccsv6\tools\compiler\arm_5.1.5\lib\</path>
         <kind>archive</kind>
         <file>rtsv7M4_T_le_v4SPD16_eabi.lib</file>
         <name>xatan.obj</name>
      </input_file>
      <input_file id="fl-147">
         <path>c:\ti\ccsv6\tools\compiler\arm_5.1.5\lib\</path>
         <kind>archive</kind>
         <file>rtsv7M4_T_le_v4SPD16_eabi.lib</file>
         <name>xdscale.obj</name>
      </input_file>
      <input_file id="fl-148">
         <path>c:\ti\ccsv6\tools\compiler\arm_5.1.5\lib\</path>
         <kind>archive</kind>
         <file>rtsv7M4_T_le_v4SPD16_eabi.lib</file>
         <name>xdtest.obj</name>
      </input_file>
      <input_file id="fl-149">
         <path>c:\ti\ccsv6\tools\compiler\arm_5.1.5\lib\</path>
         <kind>archive</kind>
         <file>rtsv7M4_T_le_v4SPD16_eabi.lib</file>
         <name>xdunscal.obj</name>
      </input_file>
      <input_file id="fl-14a">
         <path>c:\ti\ccsv6\tools\compiler\arm_5.1.5\lib\</path>
         <kind>archive</kind>
         <file>rtsv7M4_T_le_v4SPD16_eabi.lib</file>
         <name>xferaise.obj</name>
      </input_file>
      <input_file id="fl-14b">
         <path>c:\ti\ccsv6\tools\compiler\arm_5.1.5\lib\</path>
         <kind>archive</kind>
         <file>rtsv7M4_T_le_v4SPD16_eabi.lib</file>
         <name>xvalues.obj</name>
      </input_file>
      <input_file id="fl-14c">
         <path>c:\ti\ccsv6\tools\compiler\arm_5.1.5\lib\</path>
         <kind>archive</kind>
         <file>rtsv7M4_T_le_v4SPD16_eabi.lib</file>
         <name>_lock.obj</name>
      </input_file>
      <input_file id="fl-14d">
         <path>c:\ti\ccsv6\tools\compiler\arm_5.1.5\lib\</path>
         <kind>archive</kind>
         <file>rtsv7M4_T_le_v4SPD16_eabi.lib</file>
         <name>args_main.obj</name>
      </input_file>
      <input_file id="fl-14e">
         <path>c:\ti\ccsv6\tools\compiler\arm_5.1.5\lib\</path>
         <kind>archive</kind>
         <file>rtsv7M4_T_le_v4SPD16_eabi.lib</file>
         <name>auto_init.obj</name>
      </input_file>
      <input_file id="fl-14f">
         <path>c:\ti\ccsv6\tools\compiler\arm_5.1.5\lib\</path>
         <kind>archive</kind>
         <file>rtsv7M4_T_le_v4SPD16_eabi.lib</file>
         <name>cpy_tbl.obj</name>
      </input_file>
      <input_file id="fl-150">
         <path>c:\ti\ccsv6\tools\compiler\arm_5.1.5\lib\</path>
         <kind>archive</kind>
         <file>rtsv7M4_T_le_v4SPD16_eabi.lib</file>
         <name>errno.obj</name>
      </input_file>
      <input_file id="fl-151">
         <path>c:\ti\ccsv6\tools\compiler\arm_5.1.5\lib\</path>
         <kind>archive</kind>
         <file>rtsv7M4_T_le_v4SPD16_eabi.lib</file>
         <name>feraiseexcept.obj</name>
      </input_file>
      <input_file id="fl-152">
         <path>c:\ti\ccsv6\tools\compiler\arm_5.1.5\lib\</path>
         <kind>archive</kind>
         <file>rtsv7M4_T_le_v4SPD16_eabi.lib</file>
         <name>raise.obj</name>
      </input_file>
      <input_file id="fl-153">
         <path>c:\ti\ccsv6\tools\compiler\arm_5.1.5\lib\</path>
         <kind>archive</kind>
         <file>rtsv7M4_T_le_v4SPD16_eabi.lib</file>
         <name>signal.obj</name>
      </input_file>
      <input_file id="fl-154">
         <path>c:\ti\ccsv6\tools\compiler\arm_5.1.5\lib\</path>
         <kind>archive</kind>
         <file>rtsv7M4_T_le_v4SPD16_eabi.lib</file>
         <name>xdnorm.obj</name>
      </input_file>
      <input_file id="fl-155">
         <path>C:\ti\TivaWare_C_Series-2.0.1.11577\examples\boards\ek-tm4c123gxl\timers\ccs\..\..\..\..\..\driverlib\ccs\Debug\</path>
         <kind>archive</kind>
         <file>driverlib.lib</file>
         <name>uart.obj</name>
      </input_file>
      <input_file id="fl-156">
         <path>C:\ti\TivaWare_C_Series-2.0.1.11577\examples\boards\ek-tm4c123gxl\timers\ccs\..\..\..\..\..\driverlib\ccs\Debug\</path>
         <kind>archive</kind>
         <file>driverlib.lib</file>
         <name>timer.obj</name>
      </input_file>
      <input_file id="fl-157">
         <path>C:\ti\TivaWare_C_Series-2.0.1.11577\examples\boards\ek-tm4c123gxl\timers\ccs\..\..\..\..\..\driverlib\ccs\Debug\</path>
         <kind>archive</kind>
         <file>driverlib.lib</file>
         <name>sysctl.obj</name>
      </input_file>
      <input_file id="fl-158">
         <path>C:\ti\TivaWare_C_Series-2.0.1.11577\examples\boards\ek-tm4c123gxl\timers\ccs\..\..\..\..\..\driverlib\ccs\Debug\</path>
         <kind>archive</kind>
         <file>driverlib.lib</file>
         <name>interrupt.obj</name>
      </input_file>
      <input_file id="fl-159">
         <path>C:\ti\TivaWare_C_Series-2.0.1.11577\examples\boards\ek-tm4c123gxl\timers\ccs\..\..\..\..\..\driverlib\ccs\Debug\</path>
         <kind>archive</kind>
         <file>driverlib.lib</file>
         <name>gpio.obj</name>
      </input_file>
      <input_file id="fl-15a">
         <path>C:\ti\TivaWare_C_Series-2.0.1.11577\examples\boards\ek-tm4c123gxl\timers\ccs\..\..\..\..\..\driverlib\ccs\Debug\</path>
         <kind>archive</kind>
         <file>driverlib.lib</file>
         <name>cpu.obj</name>
      </input_file>
   </input_file_list>
   <object_component_list>
      <object_component id="oc-e">
         <name>.intvecs</name>
         <load_address>0x0</load_address>
         <run_address>0x0</run_address>
         <size>0x26c</size>
         <input_file_ref idref="fl-4"/>
      </object_component>
      <object_component id="oc-1be">
         <name>.text:head</name>
         <load_address>0x26c</load_address>
         <run_address>0x26c</run_address>
         <size>0x2f8</size>
         <input_file_ref idref="fl-6"/>
      </object_component>
      <object_component id="oc-116">
         <name>.text:UARTvprintf</name>
         <load_address>0x564</load_address>
         <run_address>0x564</run_address>
         <size>0x1ea</size>
         <input_file_ref idref="fl-2"/>
      </object_component>
      <object_component id="oc-1d7">
         <name>.text</name>
         <load_address>0x74e</load_address>
         <run_address>0x74e</run_address>
         <size>0x1b6</size>
         <input_file_ref idref="fl-13c"/>
      </object_component>
      <object_component id="oc-253">
         <name>.text</name>
         <load_address>0x904</load_address>
         <run_address>0x904</run_address>
         <size>0x18c</size>
         <input_file_ref idref="fl-146"/>
      </object_component>
      <object_component id="oc-159">
         <name>.text:Init</name>
         <load_address>0xa90</load_address>
         <run_address>0xa90</run_address>
         <size>0x174</size>
         <input_file_ref idref="fl-7"/>
      </object_component>
      <object_component id="oc-1c7">
         <name>.text</name>
         <load_address>0xc04</load_address>
         <run_address>0xc04</run_address>
         <size>0x148</size>
         <input_file_ref idref="fl-143"/>
      </object_component>
      <object_component id="oc-42">
         <name>.text:UARTIntHandler</name>
         <load_address>0xd4c</load_address>
         <run_address>0xd4c</run_address>
         <size>0x144</size>
         <input_file_ref idref="fl-8"/>
      </object_component>
      <object_component id="oc-22d">
         <name>.text</name>
         <load_address>0xe90</load_address>
         <run_address>0xe90</run_address>
         <size>0x136</size>
         <input_file_ref idref="fl-13e"/>
      </object_component>
      <object_component id="oc-19f">
         <name>.text:GPIOPadConfigSet</name>
         <load_address>0xfc6</load_address>
         <run_address>0xfc6</run_address>
         <size>0x130</size>
         <input_file_ref idref="fl-159"/>
      </object_component>
      <object_component id="oc-2e">
         <name>.text:FaultISR</name>
         <load_address>0x10f6</load_address>
         <run_address>0x10f6</run_address>
         <size>0x2</size>
         <input_file_ref idref="fl-4"/>
      </object_component>
      <object_component id="oc-20b">
         <name>.text</name>
         <load_address>0x10f8</load_address>
         <run_address>0x10f8</run_address>
         <size>0x118</size>
         <input_file_ref idref="fl-136"/>
      </object_component>
      <object_component id="oc-231">
         <name>.text</name>
         <load_address>0x1210</load_address>
         <run_address>0x1210</run_address>
         <size>0x110</size>
         <input_file_ref idref="fl-147"/>
      </object_component>
      <object_component id="oc-1ae">
         <name>.text:UARTConfig</name>
         <load_address>0x1320</load_address>
         <run_address>0x1320</run_address>
         <size>0x108</size>
         <input_file_ref idref="fl-8"/>
      </object_component>
      <object_component id="oc-1d3">
         <name>.text</name>
         <load_address>0x1428</load_address>
         <run_address>0x1428</run_address>
         <size>0xfc</size>
         <input_file_ref idref="fl-13f"/>
      </object_component>
      <object_component id="oc-163">
         <name>.text:move_to_exact</name>
         <load_address>0x1524</load_address>
         <run_address>0x1524</run_address>
         <size>0xf8</size>
         <input_file_ref idref="fl-6"/>
      </object_component>
      <object_component id="oc-c7">
         <name>.text:SysCtlClockGet</name>
         <load_address>0x161c</load_address>
         <run_address>0x161c</run_address>
         <size>0xc8</size>
         <input_file_ref idref="fl-157"/>
      </object_component>
      <object_component id="oc-25e">
         <name>.text</name>
         <load_address>0x16e4</load_address>
         <run_address>0x16e4</run_address>
         <size>0xc4</size>
         <input_file_ref idref="fl-154"/>
      </object_component>
      <object_component id="oc-60">
         <name>.text</name>
         <load_address>0x17a8</load_address>
         <run_address>0x17a8</run_address>
         <size>0x9c</size>
         <input_file_ref idref="fl-142"/>
      </object_component>
      <object_component id="oc-47">
         <name>.text:Timer0IntHandler</name>
         <load_address>0x1844</load_address>
         <run_address>0x1844</run_address>
         <size>0x94</size>
         <input_file_ref idref="fl-3"/>
      </object_component>
      <object_component id="oc-4f">
         <name>.text</name>
         <load_address>0x18d8</load_address>
         <run_address>0x18d8</run_address>
         <size>0x94</size>
         <input_file_ref idref="fl-14e"/>
      </object_component>
      <object_component id="oc-38">
         <name>.text:GPIOA6INT</name>
         <load_address>0x196c</load_address>
         <run_address>0x196c</run_address>
         <size>0x88</size>
         <input_file_ref idref="fl-5"/>
      </object_component>
      <object_component id="oc-15e">
         <name>.text:move_to</name>
         <load_address>0x19f4</load_address>
         <run_address>0x19f4</run_address>
         <size>0x88</size>
         <input_file_ref idref="fl-6"/>
      </object_component>
      <object_component id="oc-214">
         <name>.text:__aeabi_cdcmple</name>
         <load_address>0x1a7c</load_address>
         <run_address>0x1a7c</run_address>
         <size>0x86</size>
         <input_file_ref idref="fl-13d"/>
      </object_component>
      <object_component id="oc-210">
         <name>.text:__aeabi_cdrcmple</name>
         <load_address>0x1b02</load_address>
         <run_address>0x1b02</run_address>
         <size>0x86</size>
         <input_file_ref idref="fl-13d"/>
      </object_component>
      <object_component id="oc-110">
         <name>.text:left_move</name>
         <load_address>0x1b88</load_address>
         <run_address>0x1b88</run_address>
         <size>0x7c</size>
         <input_file_ref idref="fl-6"/>
      </object_component>
      <object_component id="oc-10b">
         <name>.text:right_move</name>
         <load_address>0x1c04</load_address>
         <run_address>0x1c04</run_address>
         <size>0x7c</size>
         <input_file_ref idref="fl-6"/>
      </object_component>
      <object_component id="oc-228">
         <name>.text</name>
         <load_address>0x1c80</load_address>
         <run_address>0x1c80</run_address>
         <size>0x64</size>
         <input_file_ref idref="fl-149"/>
      </object_component>
      <object_component id="oc-82">
         <name>.text:IntDisable</name>
         <load_address>0x1ce4</load_address>
         <run_address>0x1ce4</run_address>
         <size>0x60</size>
         <input_file_ref idref="fl-158"/>
      </object_component>
      <object_component id="oc-96">
         <name>.text:IntEnable</name>
         <load_address>0x1d44</load_address>
         <run_address>0x1d44</run_address>
         <size>0x60</size>
         <input_file_ref idref="fl-158"/>
      </object_component>
      <object_component id="oc-1b3">
         <name>.text:TimerConfig</name>
         <load_address>0x1da4</load_address>
         <run_address>0x1da4</run_address>
         <size>0x60</size>
         <input_file_ref idref="fl-3"/>
      </object_component>
      <object_component id="oc-1f2">
         <name>.text:UARTStdioConfig</name>
         <load_address>0x1e04</load_address>
         <run_address>0x1e04</run_address>
         <size>0x60</size>
         <input_file_ref idref="fl-2"/>
      </object_component>
      <object_component id="oc-72">
         <name>.text</name>
         <load_address>0x1e64</load_address>
         <run_address>0x1e64</run_address>
         <size>0x5e</size>
         <input_file_ref idref="fl-139"/>
      </object_component>
      <object_component id="oc-33">
         <name>.text:IntDefaultHandler</name>
         <load_address>0x1ec2</load_address>
         <run_address>0x1ec2</run_address>
         <size>0x2</size>
         <input_file_ref idref="fl-4"/>
      </object_component>
      <object_component id="oc-3d">
         <name>.text:UART0IntHandler</name>
         <load_address>0x1ec4</load_address>
         <run_address>0x1ec4</run_address>
         <size>0x58</size>
         <input_file_ref idref="fl-8"/>
      </object_component>
      <object_component id="oc-1a4">
         <name>.text:GPIOIntTypeSet</name>
         <load_address>0x1f1c</load_address>
         <run_address>0x1f1c</run_address>
         <size>0x56</size>
         <input_file_ref idref="fl-159"/>
      </object_component>
      <object_component id="oc-29">
         <name>.text:NmiSR</name>
         <load_address>0x1f72</load_address>
         <run_address>0x1f72</run_address>
         <size>0x2</size>
         <input_file_ref idref="fl-4"/>
      </object_component>
      <object_component id="oc-df">
         <name>.text:main</name>
         <load_address>0x1f74</load_address>
         <run_address>0x1f74</run_address>
         <size>0x50</size>
         <input_file_ref idref="fl-7"/>
      </object_component>
      <object_component id="oc-185">
         <name>.text:UARTwrite</name>
         <load_address>0x1fc4</load_address>
         <run_address>0x1fc4</run_address>
         <size>0x48</size>
         <input_file_ref idref="fl-2"/>
      </object_component>
      <object_component id="oc-10">
         <name>.text</name>
         <load_address>0x200c</load_address>
         <run_address>0x200c</run_address>
         <size>0x48</size>
         <input_file_ref idref="fl-137"/>
      </object_component>
      <object_component id="oc-1cc">
         <name>.text</name>
         <load_address>0x2054</load_address>
         <run_address>0x2054</run_address>
         <size>0x48</size>
         <input_file_ref idref="fl-140"/>
      </object_component>
      <object_component id="oc-d9">
         <name>.text</name>
         <load_address>0x209c</load_address>
         <run_address>0x209c</run_address>
         <size>0x44</size>
         <input_file_ref idref="fl-14f"/>
      </object_component>
      <object_component id="oc-58">
         <name>.text</name>
         <load_address>0x20e0</load_address>
         <run_address>0x20e0</run_address>
         <size>0x44</size>
         <input_file_ref idref="fl-13b"/>
      </object_component>
      <object_component id="oc-24e">
         <name>.text</name>
         <load_address>0x2124</load_address>
         <run_address>0x2124</run_address>
         <size>0x44</size>
         <input_file_ref idref="fl-148"/>
      </object_component>
      <object_component id="oc-18a">
         <name>.text</name>
         <load_address>0x2168</load_address>
         <run_address>0x2168</run_address>
         <size>0x42</size>
         <input_file_ref idref="fl-145"/>
      </object_component>
      <object_component id="oc-29a">
         <name>.text</name>
         <load_address>0x21ac</load_address>
         <run_address>0x21ac</run_address>
         <size>0x40</size>
         <input_file_ref idref="fl-153"/>
      </object_component>
      <object_component id="oc-1b8">
         <name>.text:IntRegister</name>
         <load_address>0x21ec</load_address>
         <run_address>0x21ec</run_address>
         <size>0x34</size>
         <input_file_ref idref="fl-158"/>
      </object_component>
      <object_component id="oc-268">
         <name>.text</name>
         <load_address>0x2220</load_address>
         <run_address>0x2220</run_address>
         <size>0x34</size>
         <input_file_ref idref="fl-151"/>
      </object_component>
      <object_component id="oc-236">
         <name>.text</name>
         <load_address>0x2254</load_address>
         <run_address>0x2254</run_address>
         <size>0x30</size>
         <input_file_ref idref="fl-14a"/>
      </object_component>
      <object_component id="oc-1c3">
         <name>.text</name>
         <load_address>0x2284</load_address>
         <run_address>0x2284</run_address>
         <size>0x2e</size>
         <input_file_ref idref="fl-141"/>
      </object_component>
      <object_component id="oc-289">
         <name>.text</name>
         <load_address>0x22b2</load_address>
         <run_address>0x22b2</run_address>
         <size>0x2e</size>
         <input_file_ref idref="fl-152"/>
      </object_component>
      <object_component id="oc-1fc">
         <name>.text:UARTSend</name>
         <load_address>0x22e0</load_address>
         <run_address>0x22e0</run_address>
         <size>0x28</size>
         <input_file_ref idref="fl-8"/>
      </object_component>
      <object_component id="oc-91">
         <name>.text:UARTprintf</name>
         <load_address>0x2308</load_address>
         <run_address>0x2308</run_address>
         <size>0x1a</size>
         <input_file_ref idref="fl-2"/>
      </object_component>
      <object_component id="oc-53">
         <name>.text</name>
         <load_address>0x2324</load_address>
         <run_address>0x2324</run_address>
         <size>0x18</size>
         <input_file_ref idref="fl-14d"/>
      </object_component>
      <object_component id="oc-171">
         <name>.text</name>
         <load_address>0x233c</load_address>
         <run_address>0x233c</run_address>
         <size>0x14</size>
         <input_file_ref idref="fl-14c"/>
      </object_component>
      <object_component id="oc-19">
         <name>.text:decompress:ZI</name>
         <load_address>0x2350</load_address>
         <run_address>0x2350</run_address>
         <size>0x12</size>
         <input_file_ref idref="fl-13a"/>
      </object_component>
      <object_component id="oc-218">
         <name>.text:turn_left</name>
         <load_address>0x2362</load_address>
         <run_address>0x2362</run_address>
         <size>0x12</size>
         <input_file_ref idref="fl-6"/>
      </object_component>
      <object_component id="oc-21d">
         <name>.text:turn_right</name>
         <load_address>0x2374</load_address>
         <run_address>0x2374</run_address>
         <size>0x12</size>
         <input_file_ref idref="fl-6"/>
      </object_component>
      <object_component id="oc-8c">
         <name>.text:move_stright</name>
         <load_address>0x2386</load_address>
         <run_address>0x2386</run_address>
         <size>0x10</size>
         <input_file_ref idref="fl-6"/>
      </object_component>
      <object_component id="oc-202">
         <name>.text:TimerEnable</name>
         <load_address>0x2396</load_address>
         <run_address>0x2396</run_address>
         <size>0xe</size>
         <input_file_ref idref="fl-156"/>
      </object_component>
      <object_component id="oc-14">
         <name>.text:decompress:none</name>
         <load_address>0x23a4</load_address>
         <run_address>0x23a4</run_address>
         <size>0xe</size>
         <input_file_ref idref="fl-138"/>
      </object_component>
      <object_component id="oc-127">
         <name>.text:CPUcpsid</name>
         <load_address>0x23b2</load_address>
         <run_address>0x23b2</run_address>
         <size>0xc</size>
         <input_file_ref idref="fl-15a"/>
      </object_component>
      <object_component id="oc-132">
         <name>.text:CPUcpsie</name>
         <load_address>0x23be</load_address>
         <run_address>0x23be</run_address>
         <size>0xc</size>
         <input_file_ref idref="fl-15a"/>
      </object_component>
      <object_component id="oc-1a9">
         <name>.text:GPIOIntEnable</name>
         <load_address>0x23ca</load_address>
         <run_address>0x23ca</run_address>
         <size>0xc</size>
         <input_file_ref idref="fl-159"/>
      </object_component>
      <object_component id="oc-a9">
         <name>.text:IntMasterDisable</name>
         <load_address>0x23d6</load_address>
         <run_address>0x23d6</run_address>
         <size>0xa</size>
         <input_file_ref idref="fl-158"/>
      </object_component>
      <object_component id="oc-ae">
         <name>.text:IntMasterEnable</name>
         <load_address>0x23e0</load_address>
         <run_address>0x23e0</run_address>
         <size>0xa</size>
         <input_file_ref idref="fl-158"/>
      </object_component>
      <object_component id="oc-a4">
         <name>.text:UARTCharGet</name>
         <load_address>0x23ea</load_address>
         <run_address>0x23ea</run_address>
         <size>0xa</size>
         <input_file_ref idref="fl-155"/>
      </object_component>
      <object_component id="oc-1f7">
         <name>.text:UARTIntEnable</name>
         <load_address>0x23f4</load_address>
         <run_address>0x23f4</run_address>
         <size>0x8</size>
         <input_file_ref idref="fl-155"/>
      </object_component>
      <object_component id="oc-87">
         <name>.text:GPIOPinRead</name>
         <load_address>0x23fc</load_address>
         <run_address>0x23fc</run_address>
         <size>0x6</size>
         <input_file_ref idref="fl-159"/>
      </object_component>
      <object_component id="oc-c2">
         <name>.text:GPIOPinWrite</name>
         <load_address>0x2402</load_address>
         <run_address>0x2402</run_address>
         <size>0x6</size>
         <input_file_ref idref="fl-159"/>
      </object_component>
      <object_component id="oc-24">
         <name>.text:ResetISR</name>
         <load_address>0x2408</load_address>
         <run_address>0x2408</run_address>
         <size>0x6</size>
         <input_file_ref idref="fl-4"/>
      </object_component>
      <object_component id="oc-cc">
         <name>.text:SysCtlDelay</name>
         <load_address>0x240e</load_address>
         <run_address>0x240e</run_address>
         <size>0x6</size>
         <input_file_ref idref="fl-157"/>
      </object_component>
      <object_component id="oc-1e">
         <name>.text:decompress:rle24</name>
         <load_address>0x2414</load_address>
         <run_address>0x2414</run_address>
         <size>0x6</size>
         <input_file_ref idref="fl-139"/>
      </object_component>
      <object_component id="oc-27e">
         <name>.const</name>
         <load_address>0x2420</load_address>
         <run_address>0x2420</run_address>
         <size>0x88</size>
         <input_file_ref idref="fl-146"/>
      </object_component>
      <object_component id="oc-100">
         <name>.const</name>
         <load_address>0x24a8</load_address>
         <run_address>0x24a8</run_address>
         <size>0x70</size>
         <input_file_ref idref="fl-158"/>
      </object_component>
      <object_component id="oc-150">
         <name>.const:g_pui32Xtals</name>
         <load_address>0x2518</load_address>
         <run_address>0x2518</run_address>
         <size>0x6c</size>
         <input_file_ref idref="fl-157"/>
      </object_component>
      <object_component id="oc-245">
         <name>.const</name>
         <load_address>0x2584</load_address>
         <run_address>0x2584</run_address>
         <size>0x1c</size>
         <input_file_ref idref="fl-2"/>
      </object_component>
      <object_component id="oc-277">
         <name>.const:.string</name>
         <load_address>0x25a0</load_address>
         <run_address>0x25a0</run_address>
         <size>0x12</size>
         <input_file_ref idref="fl-2"/>
      </object_component>
      <object_component id="oc-2d9">
         <name>.cinit..data.load</name>
         <load_address>0x25b8</load_address>
         <run_address>0x25b8</run_address>
         <size>0x4a</size>
      </object_component>
      <object_component id="oc-2d6">
         <name>__TI_handler_table</name>
         <load_address>0x2604</load_address>
         <run_address>0x2604</run_address>
         <size>0xc</size>
      </object_component>
      <object_component id="oc-2da">
         <name>.cinit..bss.load</name>
         <load_address>0x2610</load_address>
         <run_address>0x2610</run_address>
         <size>0x8</size>
      </object_component>
      <object_component id="oc-2d8">
         <name>.cinit..vtable.load</name>
         <load_address>0x2618</load_address>
         <run_address>0x2618</run_address>
         <size>0x8</size>
      </object_component>
      <object_component id="oc-2d7">
         <name>__TI_cinit_table</name>
         <load_address>0x2620</load_address>
         <run_address>0x2620</run_address>
         <size>0x18</size>
      </object_component>
      <object_component id="oc-208">
         <name>.vtable</name>
         <uninitialized>true</uninitialized>
         <run_address>0x20000000</run_address>
         <size>0x26c</size>
         <input_file_ref idref="fl-158"/>
      </object_component>
      <object_component id="oc-5d">
         <name>.data</name>
         <load_address>0x200003d4</load_address>
         <run_address>0x200003d4</run_address>
         <size>0x4</size>
         <input_file_ref idref="fl-144"/>
      </object_component>
      <object_component id="oc-9b">
         <name>.data</name>
         <load_address>0x200003a0</load_address>
         <run_address>0x200003a0</run_address>
         <size>0x9</size>
         <input_file_ref idref="fl-5"/>
      </object_component>
      <object_component id="oc-ba">
         <name>.data</name>
         <load_address>0x200003cc</load_address>
         <run_address>0x200003cc</run_address>
         <size>0x4</size>
         <input_file_ref idref="fl-8"/>
      </object_component>
      <object_component id="oc-cf">
         <name>.data</name>
         <load_address>0x200003a9</load_address>
         <run_address>0x200003a9</run_address>
         <size>0x1</size>
         <input_file_ref idref="fl-3"/>
      </object_component>
      <object_component id="oc-e6">
         <name>.data</name>
         <load_address>0x200003ac</load_address>
         <run_address>0x200003ac</run_address>
         <size>0x8</size>
         <input_file_ref idref="fl-14c"/>
      </object_component>
      <object_component id="oc-e8">
         <name>.data</name>
         <load_address>0x200003b4</load_address>
         <run_address>0x200003b4</run_address>
         <size>0x8</size>
         <input_file_ref idref="fl-13b"/>
      </object_component>
      <object_component id="oc-1e3">
         <name>.data</name>
         <load_address>0x200003c4</load_address>
         <run_address>0x200003c4</run_address>
         <size>0x5</size>
         <input_file_ref idref="fl-2"/>
      </object_component>
      <object_component id="oc-23b">
         <name>.data</name>
         <load_address>0x20000320</load_address>
         <run_address>0x20000320</run_address>
         <size>0x80</size>
         <input_file_ref idref="fl-14b"/>
      </object_component>
      <object_component id="oc-26d">
         <name>.data</name>
         <load_address>0x200003d0</load_address>
         <run_address>0x200003d0</run_address>
         <size>0x4</size>
         <input_file_ref idref="fl-150"/>
      </object_component>
      <object_component id="oc-28e">
         <name>.data</name>
         <load_address>0x200003bc</load_address>
         <run_address>0x200003bc</run_address>
         <size>0x8</size>
         <input_file_ref idref="fl-151"/>
      </object_component>
      <object_component id="oc-2ab">
         <name>.data:sigtable</name>
         <load_address>0x20000270</load_address>
         <run_address>0x20000270</run_address>
         <size>0xb0</size>
         <input_file_ref idref="fl-153"/>
      </object_component>
      <object_component id="oc-b3">
         <name>.bss:queue</name>
         <uninitialized>true</uninitialized>
         <run_address>0x200004d8</run_address>
         <size>0x38</size>
         <input_file_ref idref="fl-8"/>
      </object_component>
      <object_component id="oc-cd">
         <name>.common:g_ui32Flags</name>
         <uninitialized>true</uninitialized>
         <run_address>0x20000544</run_address>
         <size>0x4</size>
      </object_component>
      <object_component id="oc-224">
         <name>.common:head_local</name>
         <uninitialized>true</uninitialized>
         <run_address>0x20000534</run_address>
         <size>0x8</size>
      </object_component>
      <object_component id="oc-223">
         <name>.common:tail_local</name>
         <uninitialized>true</uninitialized>
         <run_address>0x2000053c</run_address>
         <size>0x8</size>
      </object_component>
      <object_component id="oc-225">
         <name>.common:center_local</name>
         <uninitialized>true</uninitialized>
         <run_address>0x2000052c</run_address>
         <size>0x8</size>
      </object_component>
      <object_component id="oc-222">
         <name>.common:Position</name>
         <uninitialized>true</uninitialized>
         <run_address>0x20000510</run_address>
         <size>0x1c</size>
      </object_component>
      <object_component id="oc-23">
         <name>.stack</name>
         <uninitialized>true</uninitialized>
         <run_address>0x200003d8</run_address>
         <size>0x0</size>
         <input_file_ref idref="fl-137"/>
      </object_component>
      <object_component id="oc-2db">
         <name>.stack</name>
         <uninitialized>true</uninitialized>
         <run_address>0x200003d8</run_address>
         <size>0x0</size>
      </object_component>
      <object_component id="oc-f">
         <name>.debug_info</name>
         <load_address>0x0</load_address>
         <run_address>0x0</run_address>
         <size>0xd3</size>
         <input_file_ref idref="fl-4"/>
      </object_component>
      <object_component id="oc-11">
         <name>.debug_info</name>
         <load_address>0xd3</load_address>
         <run_address>0xd3</run_address>
         <size>0xf3</size>
         <input_file_ref idref="fl-137"/>
      </object_component>
      <object_component id="oc-15">
         <name>.debug_info</name>
         <load_address>0x1c6</load_address>
         <run_address>0x1c6</run_address>
         <size>0x194</size>
         <input_file_ref idref="fl-138"/>
      </object_component>
      <object_component id="oc-1d">
         <name>.debug_info</name>
         <load_address>0x35a</load_address>
         <run_address>0x35a</run_address>
         <size>0x16a</size>
         <input_file_ref idref="fl-13a"/>
      </object_component>
      <object_component id="oc-22">
         <name>.debug_info</name>
         <load_address>0x4c4</load_address>
         <run_address>0x4c4</run_address>
         <size>0x18e</size>
         <input_file_ref idref="fl-139"/>
      </object_component>
      <object_component id="oc-25">
         <name>.debug_info</name>
         <load_address>0x652</load_address>
         <run_address>0x652</run_address>
         <size>0x103</size>
         <input_file_ref idref="fl-4"/>
      </object_component>
      <object_component id="oc-2a">
         <name>.debug_info</name>
         <load_address>0x755</load_address>
         <run_address>0x755</run_address>
         <size>0xf4</size>
         <input_file_ref idref="fl-4"/>
      </object_component>
      <object_component id="oc-30">
         <name>.debug_info</name>
         <load_address>0x849</load_address>
         <run_address>0x849</run_address>
         <size>0xfa</size>
         <input_file_ref idref="fl-4"/>
      </object_component>
      <object_component id="oc-35">
         <name>.debug_info</name>
         <load_address>0x943</load_address>
         <run_address>0x943</run_address>
         <size>0x10c</size>
         <input_file_ref idref="fl-4"/>
      </object_component>
      <object_component id="oc-3c">
         <name>.debug_info</name>
         <load_address>0xa4f</load_address>
         <run_address>0xa4f</run_address>
         <size>0x177</size>
         <input_file_ref idref="fl-5"/>
      </object_component>
      <object_component id="oc-3f">
         <name>.debug_info</name>
         <load_address>0xbc6</load_address>
         <run_address>0xbc6</run_address>
         <size>0x14d</size>
         <input_file_ref idref="fl-8"/>
      </object_component>
      <object_component id="oc-43">
         <name>.debug_info</name>
         <load_address>0xd13</load_address>
         <run_address>0xd13</run_address>
         <size>0x190</size>
         <input_file_ref idref="fl-8"/>
      </object_component>
      <object_component id="oc-48">
         <name>.debug_info</name>
         <load_address>0xea3</load_address>
         <run_address>0xea3</run_address>
         <size>0x18e</size>
         <input_file_ref idref="fl-3"/>
      </object_component>
      <object_component id="oc-4e">
         <name>.debug_info</name>
         <load_address>0x1031</load_address>
         <run_address>0x1031</run_address>
         <size>0x17a</size>
         <input_file_ref idref="fl-4"/>
      </object_component>
      <object_component id="oc-51">
         <name>.debug_info</name>
         <load_address>0x11ab</load_address>
         <run_address>0x11ab</run_address>
         <size>0x13d</size>
         <input_file_ref idref="fl-14e"/>
      </object_component>
      <object_component id="oc-54">
         <name>.debug_info</name>
         <load_address>0x12e8</load_address>
         <run_address>0x12e8</run_address>
         <size>0x11c</size>
         <input_file_ref idref="fl-14d"/>
      </object_component>
      <object_component id="oc-5c">
         <name>.debug_info</name>
         <load_address>0x1404</load_address>
         <run_address>0x1404</run_address>
         <size>0x1c2</size>
         <input_file_ref idref="fl-13b"/>
      </object_component>
      <object_component id="oc-5e">
         <name>.debug_info</name>
         <load_address>0x15c6</load_address>
         <run_address>0x15c6</run_address>
         <size>0xbe</size>
         <input_file_ref idref="fl-144"/>
      </object_component>
      <object_component id="oc-61">
         <name>.debug_info</name>
         <load_address>0x1684</load_address>
         <run_address>0x1684</run_address>
         <size>0xcc</size>
         <input_file_ref idref="fl-142"/>
      </object_component>
      <object_component id="oc-65">
         <name>.debug_info</name>
         <load_address>0x1750</load_address>
         <run_address>0x1750</run_address>
         <size>0x46</size>
         <input_file_ref idref="fl-138"/>
      </object_component>
      <object_component id="oc-6a">
         <name>.debug_info</name>
         <load_address>0x1796</load_address>
         <run_address>0x1796</run_address>
         <size>0xf2</size>
         <input_file_ref idref="fl-138"/>
      </object_component>
      <object_component id="oc-6c">
         <name>.debug_info</name>
         <load_address>0x1888</load_address>
         <run_address>0x1888</run_address>
         <size>0x46</size>
         <input_file_ref idref="fl-13a"/>
      </object_component>
      <object_component id="oc-71">
         <name>.debug_info</name>
         <load_address>0x18ce</load_address>
         <run_address>0x18ce</run_address>
         <size>0xad</size>
         <input_file_ref idref="fl-13a"/>
      </object_component>
      <object_component id="oc-76">
         <name>.debug_info</name>
         <load_address>0x197b</load_address>
         <run_address>0x197b</run_address>
         <size>0x1ef</size>
         <input_file_ref idref="fl-139"/>
      </object_component>
      <object_component id="oc-78">
         <name>.debug_info</name>
         <load_address>0x1b6a</load_address>
         <run_address>0x1b6a</run_address>
         <size>0xb7</size>
         <input_file_ref idref="fl-139"/>
      </object_component>
      <object_component id="oc-79">
         <name>.debug_info</name>
         <load_address>0x1c21</load_address>
         <run_address>0x1c21</run_address>
         <size>0x39</size>
         <input_file_ref idref="fl-139"/>
      </object_component>
      <object_component id="oc-84">
         <name>.debug_info</name>
         <load_address>0x1c5a</load_address>
         <run_address>0x1c5a</run_address>
         <size>0x1ce</size>
         <input_file_ref idref="fl-158"/>
      </object_component>
      <object_component id="oc-88">
         <name>.debug_info</name>
         <load_address>0x1e28</load_address>
         <run_address>0x1e28</run_address>
         <size>0x1df</size>
         <input_file_ref idref="fl-159"/>
      </object_component>
      <object_component id="oc-8e">
         <name>.debug_info</name>
         <load_address>0x2007</load_address>
         <run_address>0x2007</run_address>
         <size>0x12d</size>
         <input_file_ref idref="fl-6"/>
      </object_component>
      <object_component id="oc-92">
         <name>.debug_info</name>
         <load_address>0x2134</load_address>
         <run_address>0x2134</run_address>
         <size>0x1bb</size>
         <input_file_ref idref="fl-2"/>
      </object_component>
      <object_component id="oc-98">
         <name>.debug_info</name>
         <load_address>0x22ef</load_address>
         <run_address>0x22ef</run_address>
         <size>0x1cc</size>
         <input_file_ref idref="fl-158"/>
      </object_component>
      <object_component id="oc-9c">
         <name>.debug_info</name>
         <load_address>0x24bb</load_address>
         <run_address>0x24bb</run_address>
         <size>0xea</size>
         <input_file_ref idref="fl-5"/>
      </object_component>
      <object_component id="oc-9f">
         <name>.debug_info</name>
         <load_address>0x25a5</load_address>
         <run_address>0x25a5</run_address>
         <size>0x18b</size>
         <input_file_ref idref="fl-2"/>
      </object_component>
      <object_component id="oc-a5">
         <name>.debug_info</name>
         <load_address>0x2730</load_address>
         <run_address>0x2730</run_address>
         <size>0x237</size>
         <input_file_ref idref="fl-155"/>
      </object_component>
      <object_component id="oc-ab">
         <name>.debug_info</name>
         <load_address>0x2967</load_address>
         <run_address>0x2967</run_address>
         <size>0x1a4</size>
         <input_file_ref idref="fl-158"/>
      </object_component>
      <object_component id="oc-b1">
         <name>.debug_info</name>
         <load_address>0x2b0b</load_address>
         <run_address>0x2b0b</run_address>
         <size>0x1a2</size>
         <input_file_ref idref="fl-158"/>
      </object_component>
      <object_component id="oc-b4">
         <name>.debug_info</name>
         <load_address>0x2cad</load_address>
         <run_address>0x2cad</run_address>
         <size>0xbf</size>
         <input_file_ref idref="fl-8"/>
      </object_component>
      <object_component id="oc-b6">
         <name>.debug_info</name>
         <load_address>0x2d6c</load_address>
         <run_address>0x2d6c</run_address>
         <size>0x289</size>
         <input_file_ref idref="fl-8"/>
      </object_component>
      <object_component id="oc-b8">
         <name>.debug_info</name>
         <load_address>0x2ff5</load_address>
         <run_address>0x2ff5</run_address>
         <size>0x31a</size>
         <input_file_ref idref="fl-6"/>
      </object_component>
      <object_component id="oc-bb">
         <name>.debug_info</name>
         <load_address>0x330f</load_address>
         <run_address>0x330f</run_address>
         <size>0xc7</size>
         <input_file_ref idref="fl-8"/>
      </object_component>
      <object_component id="oc-bd">
         <name>.debug_info</name>
         <load_address>0x33d6</load_address>
         <run_address>0x33d6</run_address>
         <size>0x8b</size>
         <input_file_ref idref="fl-6"/>
      </object_component>
      <object_component id="oc-c4">
         <name>.debug_info</name>
         <load_address>0x3461</load_address>
         <run_address>0x3461</run_address>
         <size>0x207</size>
         <input_file_ref idref="fl-159"/>
      </object_component>
      <object_component id="oc-c8">
         <name>.debug_info</name>
         <load_address>0x3668</load_address>
         <run_address>0x3668</run_address>
         <size>0x202</size>
         <input_file_ref idref="fl-157"/>
      </object_component>
      <object_component id="oc-ce">
         <name>.debug_info</name>
         <load_address>0x386a</load_address>
         <run_address>0x386a</run_address>
         <size>0x1a3</size>
         <input_file_ref idref="fl-3"/>
      </object_component>
      <object_component id="oc-d0">
         <name>.debug_info</name>
         <load_address>0x3a0d</load_address>
         <run_address>0x3a0d</run_address>
         <size>0xcb</size>
         <input_file_ref idref="fl-3"/>
      </object_component>
      <object_component id="oc-d4">
         <name>.debug_info</name>
         <load_address>0x3ad8</load_address>
         <run_address>0x3ad8</run_address>
         <size>0x84</size>
         <input_file_ref idref="fl-2"/>
      </object_component>
      <object_component id="oc-db">
         <name>.debug_info</name>
         <load_address>0x3b5c</load_address>
         <run_address>0x3b5c</run_address>
         <size>0x14b</size>
         <input_file_ref idref="fl-14f"/>
      </object_component>
      <object_component id="oc-e2">
         <name>.debug_info</name>
         <load_address>0x3ca7</load_address>
         <run_address>0x3ca7</run_address>
         <size>0x164</size>
         <input_file_ref idref="fl-7"/>
      </object_component>
      <object_component id="oc-e5">
         <name>.debug_info</name>
         <load_address>0x3e0b</load_address>
         <run_address>0x3e0b</run_address>
         <size>0x11b</size>
         <input_file_ref idref="fl-14d"/>
      </object_component>
      <object_component id="oc-e7">
         <name>.debug_info</name>
         <load_address>0x3f26</load_address>
         <run_address>0x3f26</run_address>
         <size>0xc8</size>
         <input_file_ref idref="fl-14c"/>
      </object_component>
      <object_component id="oc-e9">
         <name>.debug_info</name>
         <load_address>0x3fee</load_address>
         <run_address>0x3fee</run_address>
         <size>0xeb</size>
         <input_file_ref idref="fl-13b"/>
      </object_component>
      <object_component id="oc-eb">
         <name>.debug_info</name>
         <load_address>0x40d9</load_address>
         <run_address>0x40d9</run_address>
         <size>0x146</size>
         <input_file_ref idref="fl-13b"/>
      </object_component>
      <object_component id="oc-ef">
         <name>.debug_info</name>
         <load_address>0x421f</load_address>
         <run_address>0x421f</run_address>
         <size>0x2c</size>
         <input_file_ref idref="fl-138"/>
      </object_component>
      <object_component id="oc-f6">
         <name>.debug_info</name>
         <load_address>0x424b</load_address>
         <run_address>0x424b</run_address>
         <size>0x2c</size>
         <input_file_ref idref="fl-13a"/>
      </object_component>
      <object_component id="oc-101">
         <name>.debug_info</name>
         <load_address>0x4277</load_address>
         <run_address>0x4277</run_address>
         <size>0x1c2</size>
         <input_file_ref idref="fl-158"/>
      </object_component>
      <object_component id="oc-103">
         <name>.debug_info</name>
         <load_address>0x4439</load_address>
         <run_address>0x4439</run_address>
         <size>0x18b</size>
         <input_file_ref idref="fl-155"/>
      </object_component>
      <object_component id="oc-108">
         <name>.debug_info</name>
         <load_address>0x45c4</load_address>
         <run_address>0x45c4</run_address>
         <size>0x1ba</size>
         <input_file_ref idref="fl-158"/>
      </object_component>
      <object_component id="oc-10a">
         <name>.debug_info</name>
         <load_address>0x477e</load_address>
         <run_address>0x477e</run_address>
         <size>0x1d7</size>
         <input_file_ref idref="fl-159"/>
      </object_component>
      <object_component id="oc-10d">
         <name>.debug_info</name>
         <load_address>0x4955</load_address>
         <run_address>0x4955</run_address>
         <size>0x1b5</size>
         <input_file_ref idref="fl-6"/>
      </object_component>
      <object_component id="oc-113">
         <name>.debug_info</name>
         <load_address>0x4b0a</load_address>
         <run_address>0x4b0a</run_address>
         <size>0x1b3</size>
         <input_file_ref idref="fl-6"/>
      </object_component>
      <object_component id="oc-117">
         <name>.debug_info</name>
         <load_address>0x4cbd</load_address>
         <run_address>0x4cbd</run_address>
         <size>0x320</size>
         <input_file_ref idref="fl-2"/>
      </object_component>
      <object_component id="oc-11c">
         <name>.debug_info</name>
         <load_address>0x4fdd</load_address>
         <run_address>0x4fdd</run_address>
         <size>0x111</size>
         <input_file_ref idref="fl-2"/>
      </object_component>
      <object_component id="oc-11d">
         <name>.debug_info</name>
         <load_address>0x50ee</load_address>
         <run_address>0x50ee</run_address>
         <size>0x4e</size>
         <input_file_ref idref="fl-2"/>
      </object_component>
      <object_component id="oc-126">
         <name>.debug_info</name>
         <load_address>0x513c</load_address>
         <run_address>0x513c</run_address>
         <size>0x1ce</size>
         <input_file_ref idref="fl-155"/>
      </object_component>
      <object_component id="oc-128">
         <name>.debug_info</name>
         <load_address>0x530a</load_address>
         <run_address>0x530a</run_address>
         <size>0x173</size>
         <input_file_ref idref="fl-15a"/>
      </object_component>
      <object_component id="oc-12d">
         <name>.debug_info</name>
         <load_address>0x547d</load_address>
         <run_address>0x547d</run_address>
         <size>0x90</size>
         <input_file_ref idref="fl-155"/>
      </object_component>
      <object_component id="oc-133">
         <name>.debug_info</name>
         <load_address>0x550d</load_address>
         <run_address>0x550d</run_address>
         <size>0x176</size>
         <input_file_ref idref="fl-15a"/>
      </object_component>
      <object_component id="oc-13a">
         <name>.debug_info</name>
         <load_address>0x5683</load_address>
         <run_address>0x5683</run_address>
         <size>0x62</size>
         <input_file_ref idref="fl-8"/>
      </object_component>
      <object_component id="oc-141">
         <name>.debug_info</name>
         <load_address>0x56e5</load_address>
         <run_address>0x56e5</run_address>
         <size>0x235</size>
         <input_file_ref idref="fl-8"/>
      </object_component>
      <object_component id="oc-148">
         <name>.debug_info</name>
         <load_address>0x591a</load_address>
         <run_address>0x591a</run_address>
         <size>0x23e</size>
         <input_file_ref idref="fl-3"/>
      </object_component>
      <object_component id="oc-151">
         <name>.debug_info</name>
         <load_address>0x5b58</load_address>
         <run_address>0x5b58</run_address>
         <size>0xff</size>
         <input_file_ref idref="fl-157"/>
      </object_component>
      <object_component id="oc-158">
         <name>.debug_info</name>
         <load_address>0x5c57</load_address>
         <run_address>0x5c57</run_address>
         <size>0x148</size>
         <input_file_ref idref="fl-14f"/>
      </object_component>
      <object_component id="oc-15c">
         <name>.debug_info</name>
         <load_address>0x5d9f</load_address>
         <run_address>0x5d9f</run_address>
         <size>0x298</size>
         <input_file_ref idref="fl-7"/>
      </object_component>
      <object_component id="oc-160">
         <name>.debug_info</name>
         <load_address>0x6037</load_address>
         <run_address>0x6037</run_address>
         <size>0x171</size>
         <input_file_ref idref="fl-6"/>
      </object_component>
      <object_component id="oc-165">
         <name>.debug_info</name>
         <load_address>0x61a8</load_address>
         <run_address>0x61a8</run_address>
         <size>0x1ae</size>
         <input_file_ref idref="fl-6"/>
      </object_component>
      <object_component id="oc-16c">
         <name>.debug_info</name>
         <load_address>0x6356</load_address>
         <run_address>0x6356</run_address>
         <size>0x5e</size>
         <input_file_ref idref="fl-14d"/>
      </object_component>
      <object_component id="oc-174">
         <name>.debug_info</name>
         <load_address>0x63b4</load_address>
         <run_address>0x63b4</run_address>
         <size>0x1d4</size>
         <input_file_ref idref="fl-14c"/>
      </object_component>
      <object_component id="oc-178">
         <name>.debug_info</name>
         <load_address>0x6588</load_address>
         <run_address>0x6588</run_address>
         <size>0xd9</size>
         <input_file_ref idref="fl-14c"/>
      </object_component>
      <object_component id="oc-187">
         <name>.debug_info</name>
         <load_address>0x6661</load_address>
         <run_address>0x6661</run_address>
         <size>0x1ee</size>
         <input_file_ref idref="fl-2"/>
      </object_component>
      <object_component id="oc-18b">
         <name>.debug_info</name>
         <load_address>0x684f</load_address>
         <run_address>0x684f</run_address>
         <size>0x137</size>
         <input_file_ref idref="fl-145"/>
      </object_component>
      <object_component id="oc-197">
         <name>.debug_info</name>
         <load_address>0x6986</load_address>
         <run_address>0x6986</run_address>
         <size>0x226</size>
         <input_file_ref idref="fl-157"/>
      </object_component>
      <object_component id="oc-19a">
         <name>.debug_info</name>
         <load_address>0x6bac</load_address>
         <run_address>0x6bac</run_address>
         <size>0xcd</size>
         <input_file_ref idref="fl-14f"/>
      </object_component>
      <object_component id="oc-1a1">
         <name>.debug_info</name>
         <load_address>0x6c79</load_address>
         <run_address>0x6c79</run_address>
         <size>0x312</size>
         <input_file_ref idref="fl-159"/>
      </object_component>
      <object_component id="oc-1a5">
         <name>.debug_info</name>
         <load_address>0x6f8b</load_address>
         <run_address>0x6f8b</run_address>
         <size>0x21f</size>
         <input_file_ref idref="fl-159"/>
      </object_component>
      <object_component id="oc-1aa">
         <name>.debug_info</name>
         <load_address>0x71aa</load_address>
         <run_address>0x71aa</run_address>
         <size>0x1f3</size>
         <input_file_ref idref="fl-159"/>
      </object_component>
      <object_component id="oc-1b0">
         <name>.debug_info</name>
         <load_address>0x739d</load_address>
         <run_address>0x739d</run_address>
         <size>0x1c4</size>
         <input_file_ref idref="fl-8"/>
      </object_component>
      <object_component id="oc-1b4">
         <name>.debug_info</name>
         <load_address>0x7561</load_address>
         <run_address>0x7561</run_address>
         <size>0x133</size>
         <input_file_ref idref="fl-3"/>
      </object_component>
      <object_component id="oc-1ba">
         <name>.debug_info</name>
         <load_address>0x7694</load_address>
         <run_address>0x7694</run_address>
         <size>0x2b0</size>
         <input_file_ref idref="fl-158"/>
      </object_component>
      <object_component id="oc-1c0">
         <name>.debug_info</name>
         <load_address>0x7944</load_address>
         <run_address>0x7944</run_address>
         <size>0x4ee</size>
         <input_file_ref idref="fl-6"/>
      </object_component>
      <object_component id="oc-1c5">
         <name>.debug_info</name>
         <load_address>0x7e32</load_address>
         <run_address>0x7e32</run_address>
         <size>0xdf</size>
         <input_file_ref idref="fl-141"/>
      </object_component>
      <object_component id="oc-1cb">
         <name>.debug_info</name>
         <load_address>0x7f11</load_address>
         <run_address>0x7f11</run_address>
         <size>0x237</size>
         <input_file_ref idref="fl-143"/>
      </object_component>
      <object_component id="oc-1cf">
         <name>.debug_info</name>
         <load_address>0x8148</load_address>
         <run_address>0x8148</run_address>
         <size>0xe1</size>
         <input_file_ref idref="fl-140"/>
      </object_component>
      <object_component id="oc-1d6">
         <name>.debug_info</name>
         <load_address>0x8229</load_address>
         <run_address>0x8229</run_address>
         <size>0xed</size>
         <input_file_ref idref="fl-13f"/>
      </object_component>
      <object_component id="oc-1d8">
         <name>.debug_info</name>
         <load_address>0x8316</load_address>
         <run_address>0x8316</run_address>
         <size>0xff</size>
         <input_file_ref idref="fl-13c"/>
      </object_component>
      <object_component id="oc-1e4">
         <name>.debug_info</name>
         <load_address>0x8415</load_address>
         <run_address>0x8415</run_address>
         <size>0xf3</size>
         <input_file_ref idref="fl-2"/>
      </object_component>
      <object_component id="oc-1e5">
         <name>.debug_info</name>
         <load_address>0x8508</load_address>
         <run_address>0x8508</run_address>
         <size>0x24c</size>
         <input_file_ref idref="fl-2"/>
      </object_component>
      <object_component id="oc-1ea">
         <name>.debug_info</name>
         <load_address>0x8754</load_address>
         <run_address>0x8754</run_address>
         <size>0x5f</size>
         <input_file_ref idref="fl-157"/>
      </object_component>
      <object_component id="oc-1f4">
         <name>.debug_info</name>
         <load_address>0x87b3</load_address>
         <run_address>0x87b3</run_address>
         <size>0x251</size>
         <input_file_ref idref="fl-2"/>
      </object_component>
      <object_component id="oc-1f8">
         <name>.debug_info</name>
         <load_address>0x8a04</load_address>
         <run_address>0x8a04</run_address>
         <size>0x1f3</size>
         <input_file_ref idref="fl-155"/>
      </object_component>
      <object_component id="oc-1ff">
         <name>.debug_info</name>
         <load_address>0x8bf7</load_address>
         <run_address>0x8bf7</run_address>
         <size>0x168</size>
         <input_file_ref idref="fl-8"/>
      </object_component>
      <object_component id="oc-203">
         <name>.debug_info</name>
         <load_address>0x8d5f</load_address>
         <run_address>0x8d5f</run_address>
         <size>0x1e3</size>
         <input_file_ref idref="fl-156"/>
      </object_component>
      <object_component id="oc-209">
         <name>.debug_info</name>
         <load_address>0x8f42</load_address>
         <run_address>0x8f42</run_address>
         <size>0x109</size>
         <input_file_ref idref="fl-158"/>
      </object_component>
      <object_component id="oc-20c">
         <name>.debug_info</name>
         <load_address>0x904b</load_address>
         <run_address>0x904b</run_address>
         <size>0x1b0</size>
         <input_file_ref idref="fl-136"/>
      </object_component>
      <object_component id="oc-212">
         <name>.debug_info</name>
         <load_address>0x91fb</load_address>
         <run_address>0x91fb</run_address>
         <size>0xdd</size>
         <input_file_ref idref="fl-13d"/>
      </object_component>
      <object_component id="oc-215">
         <name>.debug_info</name>
         <load_address>0x92d8</load_address>
         <run_address>0x92d8</run_address>
         <size>0xdb</size>
         <input_file_ref idref="fl-13d"/>
      </object_component>
      <object_component id="oc-21a">
         <name>.debug_info</name>
         <load_address>0x93b3</load_address>
         <run_address>0x93b3</run_address>
         <size>0x111</size>
         <input_file_ref idref="fl-6"/>
      </object_component>
      <object_component id="oc-220">
         <name>.debug_info</name>
         <load_address>0x94c4</load_address>
         <run_address>0x94c4</run_address>
         <size>0x113</size>
         <input_file_ref idref="fl-6"/>
      </object_component>
      <object_component id="oc-22a">
         <name>.debug_info</name>
         <load_address>0x95d7</load_address>
         <run_address>0x95d7</run_address>
         <size>0x147</size>
         <input_file_ref idref="fl-149"/>
      </object_component>
      <object_component id="oc-22e">
         <name>.debug_info</name>
         <load_address>0x971e</load_address>
         <run_address>0x971e</run_address>
         <size>0xed</size>
         <input_file_ref idref="fl-13e"/>
      </object_component>
      <object_component id="oc-233">
         <name>.debug_info</name>
         <load_address>0x980b</load_address>
         <run_address>0x980b</run_address>
         <size>0x172</size>
         <input_file_ref idref="fl-147"/>
      </object_component>
      <object_component id="oc-237">
         <name>.debug_info</name>
         <load_address>0x997d</load_address>
         <run_address>0x997d</run_address>
         <size>0x127</size>
         <input_file_ref idref="fl-14a"/>
      </object_component>
      <object_component id="oc-23c">
         <name>.debug_info</name>
         <load_address>0x9aa4</load_address>
         <run_address>0x9aa4</run_address>
         <size>0x189</size>
         <input_file_ref idref="fl-14b"/>
      </object_component>
      <object_component id="oc-246">
         <name>.debug_info</name>
         <load_address>0x9c2d</load_address>
         <run_address>0x9c2d</run_address>
         <size>0x149</size>
         <input_file_ref idref="fl-2"/>
      </object_component>
      <object_component id="oc-24b">
         <name>.debug_info</name>
         <load_address>0x9d76</load_address>
         <run_address>0x9d76</run_address>
         <size>0x1cf</size>
         <input_file_ref idref="fl-156"/>
      </object_component>
      <object_component id="oc-24f">
         <name>.debug_info</name>
         <load_address>0x9f45</load_address>
         <run_address>0x9f45</run_address>
         <size>0x10f</size>
         <input_file_ref idref="fl-148"/>
      </object_component>
      <object_component id="oc-254">
         <name>.debug_info</name>
         <load_address>0xa054</load_address>
         <run_address>0xa054</run_address>
         <size>0x300</size>
         <input_file_ref idref="fl-146"/>
      </object_component>
      <object_component id="oc-259">
         <name>.debug_info</name>
         <load_address>0xa354</load_address>
         <run_address>0xa354</run_address>
         <size>0xe0</size>
         <input_file_ref idref="fl-136"/>
      </object_component>
      <object_component id="oc-25f">
         <name>.debug_info</name>
         <load_address>0xa434</load_address>
         <run_address>0xa434</run_address>
         <size>0x121</size>
         <input_file_ref idref="fl-154"/>
      </object_component>
      <object_component id="oc-264">
         <name>.debug_info</name>
         <load_address>0xa555</load_address>
         <run_address>0xa555</run_address>
         <size>0xcf</size>
         <input_file_ref idref="fl-149"/>
      </object_component>
      <object_component id="oc-267">
         <name>.debug_info</name>
         <load_address>0xa624</load_address>
         <run_address>0xa624</run_address>
         <size>0xe5</size>
         <input_file_ref idref="fl-147"/>
      </object_component>
      <object_component id="oc-26c">
         <name>.debug_info</name>
         <load_address>0xa709</load_address>
         <run_address>0xa709</run_address>
         <size>0x143</size>
         <input_file_ref idref="fl-151"/>
      </object_component>
      <object_component id="oc-26e">
         <name>.debug_info</name>
         <load_address>0xa84c</load_address>
         <run_address>0xa84c</run_address>
         <size>0xaa</size>
         <input_file_ref idref="fl-150"/>
      </object_component>
      <object_component id="oc-272">
         <name>.debug_info</name>
         <load_address>0xa8f6</load_address>
         <run_address>0xa8f6</run_address>
         <size>0x86</size>
         <input_file_ref idref="fl-6"/>
      </object_component>
      <object_component id="oc-27d">
         <name>.debug_info</name>
         <load_address>0xa97c</load_address>
         <run_address>0xa97c</run_address>
         <size>0x9a</size>
         <input_file_ref idref="fl-148"/>
      </object_component>
      <object_component id="oc-27f">
         <name>.debug_info</name>
         <load_address>0xaa16</load_address>
         <run_address>0xaa16</run_address>
         <size>0xf2</size>
         <input_file_ref idref="fl-146"/>
      </object_component>
      <object_component id="oc-284">
         <name>.debug_info</name>
         <load_address>0xab08</load_address>
         <run_address>0xab08</run_address>
         <size>0x9a</size>
         <input_file_ref idref="fl-154"/>
      </object_component>
      <object_component id="oc-28a">
         <name>.debug_info</name>
         <load_address>0xaba2</load_address>
         <run_address>0xaba2</run_address>
         <size>0x128</size>
         <input_file_ref idref="fl-152"/>
      </object_component>
      <object_component id="oc-28f">
         <name>.debug_info</name>
         <load_address>0xacca</load_address>
         <run_address>0xacca</run_address>
         <size>0xe2</size>
         <input_file_ref idref="fl-151"/>
      </object_component>
      <object_component id="oc-297">
         <name>.debug_info</name>
         <load_address>0xadac</load_address>
         <run_address>0xadac</run_address>
         <size>0x11a</size>
         <input_file_ref idref="fl-146"/>
      </object_component>
      <object_component id="oc-29b">
         <name>.debug_info</name>
         <load_address>0xaec6</load_address>
         <run_address>0xaec6</run_address>
         <size>0x13e</size>
         <input_file_ref idref="fl-153"/>
      </object_component>
      <object_component id="oc-2a0">
         <name>.debug_info</name>
         <load_address>0xb004</load_address>
         <run_address>0xb004</run_address>
         <size>0xd1</size>
         <input_file_ref idref="fl-152"/>
      </object_component>
      <object_component id="oc-2a3">
         <name>.debug_info</name>
         <load_address>0xb0d5</load_address>
         <run_address>0xb0d5</run_address>
         <size>0x6f</size>
         <input_file_ref idref="fl-151"/>
      </object_component>
      <object_component id="oc-2a8">
         <name>.debug_info</name>
         <load_address>0xb144</load_address>
         <run_address>0xb144</run_address>
         <size>0x112</size>
         <input_file_ref idref="fl-151"/>
      </object_component>
      <object_component id="oc-2ac">
         <name>.debug_info</name>
         <load_address>0xb256</load_address>
         <run_address>0xb256</run_address>
         <size>0xaf</size>
         <input_file_ref idref="fl-153"/>
      </object_component>
      <object_component id="oc-2ae">
         <name>.debug_info</name>
         <load_address>0xb305</load_address>
         <run_address>0xb305</run_address>
         <size>0xf1</size>
         <input_file_ref idref="fl-153"/>
      </object_component>
      <object_component id="oc-2b1">
         <name>.debug_info</name>
         <load_address>0xb3f6</load_address>
         <run_address>0xb3f6</run_address>
         <size>0x2c</size>
         <input_file_ref idref="fl-152"/>
      </object_component>
      <object_component id="oc-2dc">
         <name>.debug_info</name>
         <load_address>0xb422</load_address>
         <run_address>0xb422</run_address>
         <size>0x9a</size>
      </object_component>
      <object_component id="oc-12">
         <name>.debug_aranges</name>
         <load_address>0x0</load_address>
         <run_address>0x0</run_address>
         <size>0x20</size>
         <input_file_ref idref="fl-137"/>
      </object_component>
      <object_component id="oc-17">
         <name>.debug_aranges</name>
         <load_address>0x20</load_address>
         <run_address>0x20</run_address>
         <size>0x20</size>
         <input_file_ref idref="fl-138"/>
      </object_component>
      <object_component id="oc-1a">
         <name>.debug_aranges</name>
         <load_address>0x40</load_address>
         <run_address>0x40</run_address>
         <size>0x20</size>
         <input_file_ref idref="fl-13a"/>
      </object_component>
      <object_component id="oc-20">
         <name>.debug_aranges</name>
         <load_address>0x60</load_address>
         <run_address>0x60</run_address>
         <size>0x20</size>
         <input_file_ref idref="fl-139"/>
      </object_component>
      <object_component id="oc-28">
         <name>.debug_aranges</name>
         <load_address>0x80</load_address>
         <run_address>0x80</run_address>
         <size>0x20</size>
         <input_file_ref idref="fl-4"/>
      </object_component>
      <object_component id="oc-2d">
         <name>.debug_aranges</name>
         <load_address>0xa0</load_address>
         <run_address>0xa0</run_address>
         <size>0x20</size>
         <input_file_ref idref="fl-4"/>
      </object_component>
      <object_component id="oc-32">
         <name>.debug_aranges</name>
         <load_address>0xc0</load_address>
         <run_address>0xc0</run_address>
         <size>0x20</size>
         <input_file_ref idref="fl-4"/>
      </object_component>
      <object_component id="oc-37">
         <name>.debug_aranges</name>
         <load_address>0xe0</load_address>
         <run_address>0xe0</run_address>
         <size>0x20</size>
         <input_file_ref idref="fl-4"/>
      </object_component>
      <object_component id="oc-3a">
         <name>.debug_aranges</name>
         <load_address>0x100</load_address>
         <run_address>0x100</run_address>
         <size>0x20</size>
         <input_file_ref idref="fl-5"/>
      </object_component>
      <object_component id="oc-40">
         <name>.debug_aranges</name>
         <load_address>0x120</load_address>
         <run_address>0x120</run_address>
         <size>0x20</size>
         <input_file_ref idref="fl-8"/>
      </object_component>
      <object_component id="oc-46">
         <name>.debug_aranges</name>
         <load_address>0x140</load_address>
         <run_address>0x140</run_address>
         <size>0x20</size>
         <input_file_ref idref="fl-8"/>
      </object_component>
      <object_component id="oc-4b">
         <name>.debug_aranges</name>
         <load_address>0x160</load_address>
         <run_address>0x160</run_address>
         <size>0x20</size>
         <input_file_ref idref="fl-3"/>
      </object_component>
      <object_component id="oc-50">
         <name>.debug_aranges</name>
         <load_address>0x180</load_address>
         <run_address>0x180</run_address>
         <size>0x28</size>
         <input_file_ref idref="fl-14e"/>
      </object_component>
      <object_component id="oc-56">
         <name>.debug_aranges</name>
         <load_address>0x1a8</load_address>
         <run_address>0x1a8</run_address>
         <size>0x20</size>
         <input_file_ref idref="fl-14d"/>
      </object_component>
      <object_component id="oc-59">
         <name>.debug_aranges</name>
         <load_address>0x1c8</load_address>
         <run_address>0x1c8</run_address>
         <size>0x30</size>
         <input_file_ref idref="fl-13b"/>
      </object_component>
      <object_component id="oc-63">
         <name>.debug_aranges</name>
         <load_address>0x1f8</load_address>
         <run_address>0x1f8</run_address>
         <size>0x20</size>
         <input_file_ref idref="fl-142"/>
      </object_component>
      <object_component id="oc-74">
         <name>.debug_aranges</name>
         <load_address>0x218</load_address>
         <run_address>0x218</run_address>
         <size>0x20</size>
         <input_file_ref idref="fl-139"/>
      </object_component>
      <object_component id="oc-83">
         <name>.debug_aranges</name>
         <load_address>0x238</load_address>
         <run_address>0x238</run_address>
         <size>0x20</size>
         <input_file_ref idref="fl-158"/>
      </object_component>
      <object_component id="oc-8a">
         <name>.debug_aranges</name>
         <load_address>0x258</load_address>
         <run_address>0x258</run_address>
         <size>0x20</size>
         <input_file_ref idref="fl-159"/>
      </object_component>
      <object_component id="oc-8d">
         <name>.debug_aranges</name>
         <load_address>0x278</load_address>
         <run_address>0x278</run_address>
         <size>0x20</size>
         <input_file_ref idref="fl-6"/>
      </object_component>
      <object_component id="oc-94">
         <name>.debug_aranges</name>
         <load_address>0x298</load_address>
         <run_address>0x298</run_address>
         <size>0x20</size>
         <input_file_ref idref="fl-2"/>
      </object_component>
      <object_component id="oc-97">
         <name>.debug_aranges</name>
         <load_address>0x2b8</load_address>
         <run_address>0x2b8</run_address>
         <size>0x20</size>
         <input_file_ref idref="fl-158"/>
      </object_component>
      <object_component id="oc-a8">
         <name>.debug_aranges</name>
         <load_address>0x2d8</load_address>
         <run_address>0x2d8</run_address>
         <size>0x20</size>
         <input_file_ref idref="fl-155"/>
      </object_component>
      <object_component id="oc-aa">
         <name>.debug_aranges</name>
         <load_address>0x2f8</load_address>
         <run_address>0x2f8</run_address>
         <size>0x20</size>
         <input_file_ref idref="fl-158"/>
      </object_component>
      <object_component id="oc-af">
         <name>.debug_aranges</name>
         <load_address>0x318</load_address>
         <run_address>0x318</run_address>
         <size>0x20</size>
         <input_file_ref idref="fl-158"/>
      </object_component>
      <object_component id="oc-c6">
         <name>.debug_aranges</name>
         <load_address>0x338</load_address>
         <run_address>0x338</run_address>
         <size>0x20</size>
         <input_file_ref idref="fl-159"/>
      </object_component>
      <object_component id="oc-cb">
         <name>.debug_aranges</name>
         <load_address>0x358</load_address>
         <run_address>0x358</run_address>
         <size>0x20</size>
         <input_file_ref idref="fl-157"/>
      </object_component>
      <object_component id="oc-dd">
         <name>.debug_aranges</name>
         <load_address>0x378</load_address>
         <run_address>0x378</run_address>
         <size>0x20</size>
         <input_file_ref idref="fl-14f"/>
      </object_component>
      <object_component id="oc-e3">
         <name>.debug_aranges</name>
         <load_address>0x398</load_address>
         <run_address>0x398</run_address>
         <size>0x20</size>
         <input_file_ref idref="fl-7"/>
      </object_component>
      <object_component id="oc-10c">
         <name>.debug_aranges</name>
         <load_address>0x3b8</load_address>
         <run_address>0x3b8</run_address>
         <size>0x20</size>
         <input_file_ref idref="fl-6"/>
      </object_component>
      <object_component id="oc-111">
         <name>.debug_aranges</name>
         <load_address>0x3d8</load_address>
         <run_address>0x3d8</run_address>
         <size>0x20</size>
         <input_file_ref idref="fl-6"/>
      </object_component>
      <object_component id="oc-119">
         <name>.debug_aranges</name>
         <load_address>0x3f8</load_address>
         <run_address>0x3f8</run_address>
         <size>0x20</size>
         <input_file_ref idref="fl-2"/>
      </object_component>
      <object_component id="oc-12b">
         <name>.debug_aranges</name>
         <load_address>0x418</load_address>
         <run_address>0x418</run_address>
         <size>0x20</size>
         <input_file_ref idref="fl-15a"/>
      </object_component>
      <object_component id="oc-136">
         <name>.debug_aranges</name>
         <load_address>0x438</load_address>
         <run_address>0x438</run_address>
         <size>0x20</size>
         <input_file_ref idref="fl-15a"/>
      </object_component>
      <object_component id="oc-15d">
         <name>.debug_aranges</name>
         <load_address>0x458</load_address>
         <run_address>0x458</run_address>
         <size>0x20</size>
         <input_file_ref idref="fl-7"/>
      </object_component>
      <object_component id="oc-15f">
         <name>.debug_aranges</name>
         <load_address>0x478</load_address>
[...]
            <allocated_space>
               <start_address>0x200004d8</start_address>
               <size>0x70</size>
               <logical_group_ref idref="lg-b"/>
            </allocated_space>
            <available_space>
               <start_address>0x20000548</start_address>
               <size>0x7ab8</size>
            </available_space>
         </usage_details>
      </memory_area>
   </placement_map>
   <cptbl_list>
      <cptbl>
         <name>__TI_cinit_table</name>
         <cprec>
            <name>.data</name>
            <load_address>0x25b8</load_address>
            <load_size>0x4a</load_size>
            <run_address>0x20000270</run_address>
            <run_size>0x168</run_size>
            <compression>rle</compression>
         </cprec>
         <cprec>
            <name>.bss</name>
            <load_address>0x2610</load_address>
            <load_size>0x8</load_size>
            <run_address>0x200004d8</run_address>
            <run_size>0x70</run_size>
            <compression>zero_init</compression>
         </cprec>
         <cprec>
            <name>.vtable</name>
            <load_address>0x2618</load_address>
            <load_size>0x8</load_size>
            <run_address>0x20000000</run_address>
            <run_size>0x26c</run_size>
            <compression>zero_init</compression>
         </cprec>
      </cptbl>
   </cptbl_list>
   <handler_table>
      <handler_table_name>__TI_handler_table</handler_table_name>
      <handler>
         <index>0x0</index>
         <name>__TI_zero_init</name>
      </handler>
      <handler>
         <index>0x1</index>
         <name>__TI_decompress_rle24</name>
      </handler>
      <handler>
         <index>0x2</index>
         <name>__TI_decompress_none</name>
      </handler>
   </handler_table>
   <symbol_table>
      <symbol id="sm-1">
         <name>__STACK_TOP</name>
         <value>0x200004d8</value>
      </symbol>
      <symbol id="sm-2">
         <name>__TI_CINIT_Base</name>
         <value>0x2620</value>
      </symbol>
      <symbol id="sm-3">
         <name>__TI_CINIT_Limit</name>
         <value>0x2638</value>
      </symbol>
      <symbol id="sm-4">
         <name>__TI_Handler_Table_Base</name>
         <value>0x2604</value>
      </symbol>
      <symbol id="sm-5">
         <name>__TI_Handler_Table_Limit</name>
         <value>0x2610</value>
      </symbol>
      <symbol id="sm-6">
         <name>binit</name>
         <value>0xffffffff</value>
      </symbol>
      <symbol id="sm-7">
         <name>__binit__</name>
         <value>0xffffffff</value>
      </symbol>
      <symbol id="sm-8">
         <name>__STACK_SIZE</name>
         <value>0x100</value>
      </symbol>
      <symbol id="sm-9">
         <name>__STACK_END</name>
         <value>0x200004d8</value>
      </symbol>
      <symbol id="sm-a">
         <name>__c_args__</name>
         <value>0xffffffff</value>
      </symbol>
      <symbol id="sm-91">
         <name>UARTStdioConfig</name>
         <value>0x1e05</value>
         <object_component_ref idref="oc-1f2"/>
      </symbol>
      <symbol id="sm-92">
         <name>UARTwrite</name>
         <value>0x1fc5</value>
         <object_component_ref idref="oc-185"/>
      </symbol>
      <symbol id="sm-93">
         <name>UARTprintf</name>
         <value>0x2309</value>
         <object_component_ref idref="oc-91"/>
      </symbol>
      <symbol id="sm-94">
         <name>UARTvprintf</name>
         <value>0x565</value>
         <object_component_ref idref="oc-116"/>
      </symbol>
      <symbol id="sm-bb">
         <name>g_ui32Flags</name>
         <value>0x20000544</value>
      </symbol>
      <symbol id="sm-bc">
         <name>senser_flag</name>
         <value>0x200003a9</value>
         <object_component_ref idref="oc-cf"/>
      </symbol>
      <symbol id="sm-bd">
         <name>TimerConfig</name>
         <value>0x1da5</value>
         <object_component_ref idref="oc-1b3"/>
      </symbol>
      <symbol id="sm-be">
         <name>Timer0IntHandler</name>
         <value>0x1845</value>
         <object_component_ref idref="oc-47"/>
      </symbol>
      <symbol id="sm-ea">
         <name>ResetISR</name>
         <value>0x2409</value>
         <object_component_ref idref="oc-24"/>
      </symbol>
      <symbol id="sm-eb">
         <name>g_pfnVectors</name>
         <value>0x0</value>
         <object_component_ref idref="oc-e"/>
      </symbol>
      <symbol id="sm-107">
         <name>t</name>
         <value>0x200003a0</value>
         <object_component_ref idref="oc-9b"/>
      </symbol>
      <symbol id="sm-108">
         <name>i</name>
         <value>0x200003a4</value>
         <object_component_ref idref="oc-9b"/>
      </symbol>
      <symbol id="sm-109">
         <name>S_flag</name>
         <value>0x200003a8</value>
         <object_component_ref idref="oc-9b"/>
      </symbol>
      <symbol id="sm-10a">
         <name>GPIOA6INT</name>
         <value>0x196d</value>
         <object_component_ref idref="oc-38"/>
      </symbol>
      <symbol id="sm-195">
         <name>head_local</name>
         <value>0x20000534</value>
      </symbol>
      <symbol id="sm-196">
         <name>tail_local</name>
         <value>0x2000053c</value>
      </symbol>
      <symbol id="sm-197">
         <name>center_local</name>
         <value>0x2000052c</value>
      </symbol>
      <symbol id="sm-198">
         <name>right_move</name>
         <value>0x1c05</value>
         <object_component_ref idref="oc-10b"/>
      </symbol>
      <symbol id="sm-199">
         <name>head</name>
         <value>0x26d</value>
         <object_component_ref idref="oc-1be"/>
      </symbol>
      <symbol id="sm-19a">
         <name>turn_right</name>
         <value>0x2375</value>
         <object_component_ref idref="oc-21d"/>
      </symbol>
      <symbol id="sm-19b">
         <name>turn_left</name>
         <value>0x2363</value>
         <object_component_ref idref="oc-218"/>
      </symbol>
      <symbol id="sm-19c">
         <name>move_to_exact</name>
         <value>0x1525</value>
         <object_component_ref idref="oc-163"/>
      </symbol>
      <symbol id="sm-19d">
         <name>left_move</name>
         <value>0x1b89</value>
         <object_component_ref idref="oc-110"/>
      </symbol>
      <symbol id="sm-19e">
         <name>move_to</name>
         <value>0x19f5</value>
         <object_component_ref idref="oc-15e"/>
      </symbol>
      <symbol id="sm-19f">
         <name>move_stright</name>
         <value>0x2387</value>
         <object_component_ref idref="oc-8c"/>
      </symbol>
      <symbol id="sm-1bc">
         <name>Init</name>
         <value>0xa91</value>
         <object_component_ref idref="oc-159"/>
      </symbol>
      <symbol id="sm-1bd">
         <name>main</name>
         <value>0x1f75</value>
         <object_component_ref idref="oc-df"/>
      </symbol>
      <symbol id="sm-214">
         <name>Position</name>
         <value>0x20000510</value>
      </symbol>
      <symbol id="sm-215">
         <name>UART0IntHandler</name>
         <value>0x1ec5</value>
         <object_component_ref idref="oc-3d"/>
      </symbol>
      <symbol id="sm-216">
         <name>UARTConfig</name>
         <value>0x1321</value>
         <object_component_ref idref="oc-1ae"/>
      </symbol>
      <symbol id="sm-217">
         <name>UARTIntHandler</name>
         <value>0xd4d</value>
         <object_component_ref idref="oc-42"/>
      </symbol>
      <symbol id="sm-218">
         <name>UART_flag</name>
         <value>0x200003cc</value>
         <object_component_ref idref="oc-ba"/>
      </symbol>
      <symbol id="sm-219">
         <name>queue</name>
         <value>0x200004d8</value>
         <object_component_ref idref="oc-b3"/>
      </symbol>
      <symbol id="sm-21a">
         <name>UARTSend</name>
         <value>0x22e1</value>
         <object_component_ref idref="oc-1fc"/>
      </symbol>
      <symbol id="sm-232">
         <name>atan2</name>
         <value>0x10f9</value>
         <object_component_ref idref="oc-20b"/>
      </symbol>
      <symbol id="sm-241">
         <name>_c_int00</name>
         <value>0x200d</value>
         <object_component_ref idref="oc-10"/>
      </symbol>
      <symbol id="sm-242">
         <name>__stack</name>
         <value>0x200003d8</value>
         <object_component_ref idref="oc-23"/>
      </symbol>
      <symbol id="sm-258">
         <name>__TI_decompress_none</name>
         <value>0x23a5</value>
         <object_component_ref idref="oc-14"/>
      </symbol>
      <symbol id="sm-27a">
         <name>__TI_decompress_rle24</name>
         <value>0x2415</value>
         <object_component_ref idref="oc-1e"/>
      </symbol>
      <symbol id="sm-292">
         <name>__TI_zero_init</name>
         <value>0x2351</value>
         <object_component_ref idref="oc-19"/>
      </symbol>
      <symbol id="sm-2ae">
         <name>C$$EXIT</name>
         <value>0x20e1</value>
         <object_component_ref idref="oc-58"/>
      </symbol>
      <symbol id="sm-2af">
         <name>abort</name>
         <value>0x20e5</value>
         <object_component_ref idref="oc-58"/>
      </symbol>
      <symbol id="sm-2b0">
         <name>exit</name>
         <value>0x20ed</value>
         <object_component_ref idref="oc-58"/>
      </symbol>
      <symbol id="sm-2b1">
         <name>__TI_dtors_ptr</name>
         <value>0x200003b8</value>
         <object_component_ref idref="oc-e8"/>
      </symbol>
      <symbol id="sm-2b2">
         <name>__TI_cleanup_ptr</name>
         <value>0x200003b4</value>
         <object_component_ref idref="oc-e8"/>
      </symbol>
      <symbol id="sm-2c8">
         <name>__aeabi_dsub</name>
         <value>0x74f</value>
         <object_component_ref idref="oc-1d7"/>
      </symbol>
      <symbol id="sm-2c9">
         <name>__aeabi_dadd</name>
         <value>0x759</value>
         <object_component_ref idref="oc-1d7"/>
      </symbol>
      <symbol id="sm-2e9">
         <name>__aeabi_cdcmpeq</name>
         <value>0x1a7d</value>
         <object_component_ref idref="oc-214"/>
      </symbol>
      <symbol id="sm-2ea">
         <name>__aeabi_cdcmple</name>
         <value>0x1a7d</value>
         <object_component_ref idref="oc-214"/>
      </symbol>
      <symbol id="sm-2eb">
         <name>__aeabi_cdrcmple</name>
         <value>0x1b03</value>
         <object_component_ref idref="oc-210"/>
      </symbol>
      <symbol id="sm-2fe">
         <name>__aeabi_ddiv</name>
         <value>0xe91</value>
         <object_component_ref idref="oc-22d"/>
      </symbol>
      <symbol id="sm-308">
         <name>__aeabi_dmul</name>
         <value>0x1429</value>
         <object_component_ref idref="oc-1d3"/>
      </symbol>
      <symbol id="sm-311">
         <name>__aeabi_d2iz</name>
         <value>0x2055</value>
         <object_component_ref idref="oc-1cc"/>
      </symbol>
      <symbol id="sm-31a">
         <name>__aeabi_i2d</name>
         <value>0x2285</value>
         <object_component_ref idref="oc-1c3"/>
      </symbol>
      <symbol id="sm-334">
         <name>memcpy</name>
         <value>0x17a9</value>
         <object_component_ref idref="oc-60"/>
      </symbol>
      <symbol id="sm-335">
         <name>__aeabi_memcpy</name>
         <value>0x17a9</value>
         <object_component_ref idref="oc-60"/>
      </symbol>
      <symbol id="sm-336">
         <name>__aeabi_memcpy8</name>
         <value>0x17a9</value>
         <object_component_ref idref="oc-60"/>
      </symbol>
      <symbol id="sm-337">
         <name>__aeabi_memcpy4</name>
         <value>0x17a9</value>
         <object_component_ref idref="oc-60"/>
      </symbol>
      <symbol id="sm-34d">
         <name>sqrt</name>
         <value>0xc05</value>
         <object_component_ref idref="oc-1c7"/>
      </symbol>
      <symbol id="sm-354">
         <name>main_func_sp</name>
         <value>0x200003d4</value>
         <object_component_ref idref="oc-5d"/>
      </symbol>
      <symbol id="sm-363">
         <name>__aeabi_uidivmod</name>
         <value>0x2169</value>
         <object_component_ref idref="oc-18a"/>
      </symbol>
      <symbol id="sm-383">
         <name>_Atan</name>
         <value>0x905</value>
         <object_component_ref idref="oc-253"/>
      </symbol>
      <symbol id="sm-39d">
         <name>_Dscale</name>
         <value>0x1211</value>
         <object_component_ref idref="oc-231"/>
      </symbol>
      <symbol id="sm-3ae">
         <name>_Dtest</name>
         <value>0x2125</value>
         <object_component_ref idref="oc-24e"/>
      </symbol>
      <symbol id="sm-3c1">
         <name>_Dunscale</name>
         <value>0x1c81</value>
         <object_component_ref idref="oc-228"/>
      </symbol>
      <symbol id="sm-3cf">
         <name>_Feraise</name>
         <value>0x2255</value>
         <object_component_ref idref="oc-236"/>
      </symbol>
      <symbol id="sm-3de">
         <name>_Rteps</name>
         <value>0x20000380</value>
         <object_component_ref idref="oc-23b"/>
      </symbol>
      <symbol id="sm-3df">
         <name>_Zero</name>
         <value>0x20000398</value>
         <object_component_ref idref="oc-23b"/>
      </symbol>
      <symbol id="sm-3e0">
         <name>_Hugeval</name>
         <value>0x20000340</value>
         <object_component_ref idref="oc-23b"/>
      </symbol>
      <symbol id="sm-3e1">
         <name>_Snan</name>
         <value>0x20000370</value>
         <object_component_ref idref="oc-23b"/>
      </symbol>
      <symbol id="sm-3e2">
         <name>_Nan</name>
         <value>0x20000360</value>
         <object_component_ref idref="oc-23b"/>
      </symbol>
      <symbol id="sm-3e3">
         <name>_Inf</name>
         <value>0x20000350</value>
         <object_component_ref idref="oc-23b"/>
      </symbol>
      <symbol id="sm-3e4">
         <name>_Xbig</name>
         <value>0x20000390</value>
         <object_component_ref idref="oc-23b"/>
      </symbol>
      <symbol id="sm-3e5">
         <name>_Eps</name>
         <value>0x20000330</value>
         <object_component_ref idref="oc-23b"/>
      </symbol>
      <symbol id="sm-3e6">
         <name>_Denorm</name>
         <value>0x20000320</value>
         <object_component_ref idref="oc-23b"/>
      </symbol>
      <symbol id="sm-3fc">
         <name>_nop</name>
         <value>0x234b</value>
         <object_component_ref idref="oc-171"/>
      </symbol>
      <symbol id="sm-3fd">
         <name>_lock</name>
         <value>0x200003ac</value>
         <object_component_ref idref="oc-e6"/>
      </symbol>
      <symbol id="sm-3fe">
         <name>_unlock</name>
         <value>0x200003b0</value>
         <object_component_ref idref="oc-e6"/>
      </symbol>
      <symbol id="sm-3ff">
         <name>_register_lock</name>
         <value>0x2343</value>
         <object_component_ref idref="oc-171"/>
      </symbol>
      <symbol id="sm-400">
         <name>_register_unlock</name>
         <value>0x233d</value>
         <object_component_ref idref="oc-171"/>
      </symbol>
      <symbol id="sm-413">
         <name>_args_main</name>
         <value>0x2325</value>
         <object_component_ref idref="oc-53"/>
      </symbol>
      <symbol id="sm-42f">
         <name>__TI_auto_init</name>
         <value>0x18d9</value>
         <object_component_ref idref="oc-4f"/>
      </symbol>
      <symbol id="sm-447">
         <name>copy_in</name>
         <value>0x209d</value>
         <object_component_ref idref="oc-d9"/>
      </symbol>
      <symbol id="sm-44e">
         <name>_Errno</name>
         <value>0x200003d0</value>
         <object_component_ref idref="oc-26d"/>
      </symbol>
      <symbol id="sm-469">
         <name>feraiseexcept</name>
         <value>0x2221</value>
         <object_component_ref idref="oc-268"/>
      </symbol>
      <symbol id="sm-46a">
         <name>_Tls_setup__Fenv</name>
         <value>0x200003c0</value>
         <object_component_ref idref="oc-28e"/>
      </symbol>
      <symbol id="sm-46b">
         <name>_Fenv</name>
         <value>0x200003bc</value>
         <object_component_ref idref="oc-28e"/>
      </symbol>
      <symbol id="sm-47e">
         <name>raise</name>
         <value>0x22b3</value>
         <object_component_ref idref="oc-289"/>
      </symbol>
      <symbol id="sm-496">
         <name>signal</name>
         <value>0x21ad</value>
         <object_component_ref idref="oc-29a"/>
      </symbol>
      <symbol id="sm-4aa">
         <name>_Dnorm</name>
         <value>0x16e5</value>
         <object_component_ref idref="oc-25e"/>
      </symbol>
      <symbol id="sm-4ca">
         <name>UARTIntEnable</name>
         <value>0x23f5</value>
         <object_component_ref idref="oc-1f7"/>
      </symbol>
      <symbol id="sm-4cb">
         <name>UARTCharGet</name>
         <value>0x23eb</value>
         <object_component_ref idref="oc-a4"/>
      </symbol>
      <symbol id="sm-4d7">
         <name>TimerEnable</name>
         <value>0x2397</value>
         <object_component_ref idref="oc-202"/>
      </symbol>
      <symbol id="sm-500">
         <name>SysCtlDelay</name>
         <value>0x240f</value>
         <object_component_ref idref="oc-cc"/>
      </symbol>
      <symbol id="sm-501">
         <name>SysCtlClockGet</name>
         <value>0x161d</value>
         <object_component_ref idref="oc-c7"/>
      </symbol>
      <symbol id="sm-556">
         <name>IntEnable</name>
         <value>0x1d45</value>
         <object_component_ref idref="oc-96"/>
      </symbol>
      <symbol id="sm-557">
         <name>IntDisable</name>
         <value>0x1ce5</value>
         <object_component_ref idref="oc-82"/>
      </symbol>
      <symbol id="sm-558">
         <name>IntRegister</name>
         <value>0x21ed</value>
         <object_component_ref idref="oc-1b8"/>
      </symbol>
      <symbol id="sm-559">
         <name>IntMasterDisable</name>
         <value>0x23d7</value>
         <object_component_ref idref="oc-a9"/>
      </symbol>
      <symbol id="sm-55a">
         <name>g_pfnRAMVectors</name>
         <value>0x20000000</value>
         <object_component_ref idref="oc-208"/>
      </symbol>
      <symbol id="sm-55b">
         <name>IntMasterEnable</name>
         <value>0x23e1</value>
         <object_component_ref idref="oc-ae"/>
      </symbol>
      <symbol id="sm-58b">
         <name>GPIOIntEnable</name>
         <value>0x23cb</value>
         <object_component_ref idref="oc-1a9"/>
      </symbol>
      <symbol id="sm-58c">
         <name>GPIOIntTypeSet</name>
         <value>0x1f1d</value>
         <object_component_ref idref="oc-1a4"/>
      </symbol>
      <symbol id="sm-58d">
         <name>GPIOPinRead</name>
         <value>0x23fd</value>
         <object_component_ref idref="oc-87"/>
      </symbol>
      <symbol id="sm-58e">
         <name>GPIOPinWrite</name>
         <value>0x2403</value>
         <object_component_ref idref="oc-c2"/>
      </symbol>
      <symbol id="sm-58f">
         <name>GPIOPadConfigSet</name>
         <value>0xfc7</value>
         <object_component_ref idref="oc-19f"/>
      </symbol>
      <symbol id="sm-59f">
         <name>CPUcpsie</name>
         <value>0x23bf</value>
         <object_component_ref idref="oc-132"/>
      </symbol>
      <symbol id="sm-5a0">
         <name>CPUcpsid</name>
         <value>0x23b3</value>
         <object_component_ref idref="oc-127"/>
      </symbol>
      <symbol id="sm-5a1">
         <name>__TI_static_base__</name>
         <value>0x0</value>
      </symbol>
      <symbol id="sm-5a2">
         <name>__TI_args_main</name>
         <value>0x1</value>
      </symbol>
      <symbol id="sm-5a3">
         <name>SHT$$INIT_ARRAY$$Limit</name>
         <value>0x0</value>
      </symbol>
      <symbol id="sm-5a4">
         <name>SHT$$INIT_ARRAY$$Base</name>
         <value>0x0</value>
      </symbol>
   </symbol_table>
   <title>Link successful</title>
</link_info>
